******************************************************************************
               TMS320C6x Linker Unix v7.4.4                    
******************************************************************************
>> Linked Sat Oct 14 12:13:03 2017

OUTPUT FILE NAME:   <bin/debug/server_dsp.xe674>
ENTRY POINT SYMBOL: "ti_sysbios_family_c64p_Hwi0"  address: c378b400


MEMORY CONFIGURATION

         name            origin    length      used     unused   attr    fill
----------------------  --------  ---------  --------  --------  ----  --------
  IROM                  11700000   00100000  00000000  00100000  R  X
  IRAM                  11800000   00038000  00000000  00038000  RW X
  L3_CBA_RAM            80000000   00020000  00000000  00020000  RW X
  SR_0                  c2000000   00300000  00300000  00000000  RW X
  SR_1                  c2300000   00a00000  00a00000  00000000  RW X
  DSP_PROG              c3000000   00800000  0078b80e  000747f2  RW X


SEGMENT ALLOCATION MAP

run origin  load origin   length   init length attrs members
----------  ----------- ---------- ----------- ----- -------
c3000000    c3000000    00721ce8   00000000    rw-
  c3000000    c3000000    00721ce8   00000000    rw- .far
c3721ce8    c3721ce8    00000018   00000018    rw-
  c3721ce8    c3721ce8    00000018   00000018    rw- .fardata.1
c3721d00    c3721d00    00033080   00033080    r-x
  c3721d00    c3721d00    00033080   00033080    r-x .text
c3754d80    c3754d80    0003080c   0003080c    rw-
  c3754d80    c3754d80    0003080c   0003080c    rw- .fardata.2
c3785590    c3785590    00004dba   00004dba    r--
  c3785590    c3785590    00004dba   00004dba    r-- .const
c378a350    c378a350    00001000   00000000    rw-
  c378a350    c378a350    00001000   00000000    rw- .stack
c378b350    c378b350    00000084   00000084    r--
  c378b350    c378b350    00000084   00000084    r-- .switch
c378b400    c378b400    00000200   00000200    r-x
  c378b400    c378b400    00000200   00000200    r-x .vecs
c378b600    c378b600    00000120   00000000    rw-
  c378b600    c378b600    00000120   00000000    rw- .cio
c378b720    c378b720    0000006c   00000064    rw-
  c378b720    c378b720    00000064   00000064    rw- .args
  c378b784    c378b784    00000008   00000000    rw- .bss
c378b78c    c378b78c    0000002c   0000002c    rw-
  c378b78c    c378b78c    0000002c   0000002c    rw- .neardata
c378b800    c378b800    0000008c   0000008c    r--
  c378b800    c378b800    0000008c   0000008c    r-- ti_sdo_ipc_init


SECTION ALLOCATION MAP

 output                                  attributes/
section   page    origin      length       input sections
--------  ----  ----------  ----------   ----------------
.cinit     0    c3000000    00000000     UNINITIALIZED

.init_array 
*          0    c3000000    00000000     UNINITIALIZED

ti.sdo.ipc.SharedRegion_0 
*          0    c2000000    00300000     NOLOAD SECTION
                  c2000000    00300000     --HOLE--

ti.sdo.ipc.SharedRegion_1 
*          0    c2300000    00a00000     NOLOAD SECTION
                  c2300000    00a00000     --HOLE--

xdc.meta   0    c3000000    000000e0     COPY SECTION
                  c3000000    000000e0     dsp_pe674.oe674 (xdc.meta)

.far       0    c3000000    00721ce8     UNINITIALIZED
                  c3000000    00721010     dsp_pe674.oe674 (.far)
                  c3721010    00000800     dsp_pe674.oe674 (.far:taskStackSection)
                  c3721810    00000498     umsg.ae674 : Umsg_dsp.oe674 (.far)
                  c3721ca8    00000020                : Umsg.oe674 (.far)
                  c3721cc8    0000000c     ti.syslink.ipc.rtos.ae674 : FrameQ.oe674 (.far)
                  c3721cd4    00000004                               : RingIOShm.oe674 (.far)
                  c3721cd8    00000008     rts6740_elf.lib : trgdrv.obj (.far)
                  c3721ce0    00000008     ti.syslink.ipc.rtos.ae674 : RingIO.oe674 (.far)

.fardata.1 
*          0    c3721ce8    00000018     
                  c3721ce8    00000018     dsp_pe674.oe674 (.fardata:ti_sysbios_family_c64p_Hwi_Object__table__V)

.text      0    c3721d00    00033080     
                  c3721d00    000021e0     ti.syslink.ipc.rtos.ae674 : FrameQBufMgr_ShMem.oe674 (.text:FrameQBufMgr_ShMem_create)
                  c3723ee0    00001d00     umsg.ae674 : Umsg.oe674 (.text)
                  c3725be0    00001060     ti.syslink.ipc.rtos.ae674 : FrameQ_ShMem.oe674 (.text:FrameQ_ShMem_create)
                  c3726c40    00000fa0                               : ClientNotifyMgr.oe674 (.text:_ClientNotifyMgr_create)
                  c3727be0    00000d20                               : FrameQ_ShMem.oe674 (.text:_FrameQ_ShMem_open)
                  c3728900    00000c40     utils.lib : uartStdio.obj (.text)
                  c3729540    00000b40     ipc.ae674 : Ipc.obj (.text:ti_sdo_ipc_GateMP_Instance_init__F)
                  c372a080    00000a60     ti.syslink.ipc.rtos.ae674 : FrameQ_ShMem.oe674 (.text:FrameQ_ShMem_delete)
                  c372aae0    00000900                               : FrameQBufMgr_ShMem.oe674 (.text:FrameQBufMgr_ShMem_delete)
                  c372b3e0    00000900                               : FrameQ_ShMem.oe674 (.text:FrameQ_ShMem_putv)
                  c372bce0    000008c0     umsg.ae674 : Umsg_dsp.oe674 (.text)
                  c372c5a0    000008a0     ti.syslink.ipc.rtos.ae674 : ClientNotifyMgr.oe674 (.text:ClientNotifyMgr_delete)
                  c372ce40    000008a0     sysbios.ae674 : BIOS.obj (.text:ti_sysbios_family_c64p_Exception_handler__I)
                  c372d6e0    000008a0     ti.targets.rts6000.ae674 : System.oe674 (.text:xdc_runtime_System_doPrint__I)
                  c372df80    00000800     ti.syslink.ipc.rtos.ae674 : FrameQ_ShMem.oe674 (.text:FrameQ_ShMem_put)
                  c372e780    000007e0                               : ClientNotifyMgr.oe674 (.text:ClientNotifyMgr_setup)
                  c372ef60    000007c0     ipc.ae674 : Ipc.obj (.text:Ipc_attach)
                  c372f720    00000700               : Ipc.obj (.text:Ipc_detach)
                  c372fe20    00000700               : Ipc.obj (.text:ti_sdo_ipc_transports_TransportShm_Instance_init__F)
                  c3730520    000006e0     ti.syslink.ipc.rtos.ae674 : FrameQBufMgr_ShMem.oe674 (.text:FrameQBufMgr_ShMem_dupv)
                  c3730c00    000006a0                               : FrameQ_ShMem.oe674 (.text:FrameQ_ShMem_getv)
                  c37312a0    00000640                               : FrameQBufMgr_ShMem.oe674 (.text:FrameQBufMgr_ShMem_dup)
                  c37318e0    000005e0                               : ClientNotifyMgr.oe674 (.text:ClientNotifyMgr_sendNotificationMulti)
                  c3731ec0    000005e0                               : FrameQBufMgr_ShMem.oe674 (.text:FrameQBufMgr_ShMem_allocv)
                  c37324a0    000005a0                               : ClientNotifyMgr.oe674 (.text:ClientNotifyMgr_threadFxn)
                  c3732a40    00000500     syslink_service.oe674 (.text)
                  c3732f40    000004e0     ipc.ae674 : Ipc.obj (.text:ti_sdo_ipc_heaps_HeapMemMP_Instance_init__F)
                  c3733420    000004c0     ti.syslink.ipc.rtos.ae674 : ClientNotifyMgr.oe674 (.text:ClientNotifyMgr_execCallBackFxn)
                  c37338e0    000004c0     resource_sync.oe674 (.text)
                  c3733da0    000004c0     syslink.oe674 (.text)
                  c3734260    000004c0     ipc.ae674 : Ipc.obj (.text:ti_sdo_ipc_ListMP_Instance_init__F)
                  c3734720    000004a0     ti.syslink.ipc.rtos.ae674 : ClientNotifyMgr.oe674 (.text:ClientNotifyMgr_sendNotification)
                  c3734bc0    00000460                               : ClientNotifyMgr.oe674 (.text:ClientNotifyMgr_sendForceNotificationMulti)
                  c3735020    00000460     ipc.ae674 : Ipc.obj (.text:ti_sdo_ipc_GateMP_setRegion0Reserved__F)
                  c3735480    00000460               : Ipc.obj (.text:ti_sdo_ipc_nsremote_NameServerRemoteNotify_get__F)
                  c37358e0    00000420     ti.syslink.ipc.rtos.ae674 : FrameQBufMgr_ShMem.oe674 (.text:FrameQBufMgr_ShMem_sharedMemReq)
                  c3735d00    00000420                               : FrameQ_ShMem.oe674 (.text:FrameQ_ShMem_flushAll)
                  c3736120    00000420                               : FrameQ_ShMem.oe674 (.text:_FrameQ_ShMem_setOpenFlags)
                  c3736540    00000420     ipc.ae674 : Ipc.obj (.text:ti_sdo_ipc_GateMP_Instance_finalize__F)
                  c3736960    000003e0     ti.syslink.ipc.rtos.ae674 : FrameQBufMgr_ShMem.oe674 (.text:FrameQBufMgr_ShMem_freev)
                  c3736d40    000003c0     ipc.ae674 : Ipc.obj (.text:ti_sdo_ipc_heaps_HeapMemMP_alloc__E)
                  c3737100    000003c0               : Ipc.obj (.text:ti_sdo_ipc_heaps_HeapMemMP_free__E)
                  c37374c0    000003a0     ti.syslink.ipc.rtos.ae674 : ClientNotifyMgr.oe674 (.text:ClientNotifyMgr_registerClient)
                  c3737860    000003a0                               : ClientNotifyMgr.oe674 (.text:ClientNotifyMgr_unregisterClient)
                  c3737c00    000003a0                               : FrameQ_ShMem.oe674 (.text:FrameQ_ShMem_getvNumFrames)
                  c3737fa0    000003a0     ipc.ae674 : Ipc.obj (.text:NameServer_add)
                  c3738340    00000360     ti.syslink.ipc.rtos.ae674 : FrameQBufMgr_ShMem.oe674 (.text:FrameQBufMgr_ShMem_free)
                  c37386a0    00000340                               : FrameQBufMgr.oe674 (.text:FrameQBufMgr_open)
                  c37389e0    00000340                               : FrameQ_ShMem.oe674 (.text:FrameQ_ShMem_get)
                  c3738d20    00000340     drivers.lib : uart.obj (.text)
                  c3739060    00000320     ti.syslink.ipc.rtos.ae674 : FrameQBufMgr.oe674 (.text:FrameQBufMgr_create)
                  c3739380    00000300                               : FrameQBufMgr_ShMem.oe674 (.text:FrameQBufMgr_ShMem_alloc)
                  c3739680    00000300     ipc.ae674 : Ipc.obj (.text:Ipc_writeConfig)
                  c3739980    00000300     sysbios.ae674 : BIOS.obj (.text:ti_sysbios_knl_Semaphore_pend__E)
                  c3739c80    00000300                   : BIOS.obj (.text:ti_sysbios_knl_Task_Instance_finalize__F)
                  c3739f80    000002e0     ipc.ae674 : Ipc.obj (.text:ListMP_getHead)
                  c373a260    000002e0               : Ipc.obj (.text:ti_sdo_ipc_Ipc_procSyncStart__I)
                  c373a540    000002e0               : Ipc.obj (.text:ti_sdo_ipc_nsremote_NameServerRemoteNotify_Instance_init__F)
                  c373a820    000002c0     ti.syslink.ipc.rtos.ae674 : FrameQ_ShMem.oe674 (.text:FrameQ_ShMem_registerNotifier)
                  c373aae0    000002c0     ipc.ae674 : Ipc.obj (.text:NameServer_get)
                  c373ada0    000002c0     drivers.lib : gpio.obj (.text)
                  c373b060    000002c0     sysbios.ae674 : BIOS.obj (.text:ti_sysbios_timers_timer64_Timer_Module_startup__F)
                  c373b320    000002a0     ipc.ae674 : Ipc.obj (.text:ti_sdo_ipc_transports_TransportShm_Instance_finalize__F)
                  c373b5c0    000002a0     sysbios.ae674 : BIOS.obj (.text:ti_sysbios_timers_timer64_Timer_deviceConfig__I)
                  c373b860    00000280     ipc.ae674 : Ipc.obj (.text:ListMP_putHead)
                  c373bae0    00000280               : Ipc.obj (.text:ListMP_putTail)
                  c373bd60    00000280               : Ipc.obj (.text:ListMP_remove)
                  c373bfe0    00000280               : Ipc.obj (.text:ti_sdo_ipc_gates_GatePeterson_Instance_init__F)
                  c373c260    00000280     ti.targets.rts6000.ae674 : Error.oe674 (.text:xdc_runtime_Error_raiseX__F)
                  c373c4e0    00000260     ti.syslink.ipc.rtos.ae674 : FrameQBufMgr_ShMem.oe674 (.text:FrameQBufMgr_ShMem_Params_init)
                  c373c740    00000260     ipc.ae674 : Ipc.obj (.text:GateMP_openByAddr)
                  c373c9a0    00000260               : Ipc.obj (.text:Ipc_start)
                  c373cc00    00000260     rts6740_elf.lib : imath64.obj (.text:__c6xabi_divull)
                  c373ce60    00000260     sysbios.ae674 : BIOS.obj (.text:ti_sysbios_family_c64p_Exception_internalHandler__I)
                  c373d0c0    00000260                   : BIOS.obj (.text:ti_sysbios_timers_timer64_Timer_setPeriodMicroSecs__E)
                  c373d320    00000260     ti.targets.rts6000.ae674 : Startup.oe674 (.text:xdc_runtime_Startup_startMods__I)
                  c373d580    00000260     dsp_pe674.oe674 (.text:xdc_runtime_System_printfExtend__I)
                  c373d7e0    00000240     ti.syslink.ipc.rtos.ae674 : FrameQ_ShMem.oe674 (.text:FrameQ_ShMem_unregisterNotifier)
                  c373da20    00000240                               : FrameQ.oe674 (.text:FrameQ_setup)
                  c373dc60    00000240     ipc.ae674 : Ipc.obj (.text:Notify_unregisterEvent)
                  c373dea0    00000240     server.oe674 (.text)
                  c373e0e0    00000240     ipc.ae674 : Ipc.obj (.text:ti_sdo_ipc_family_da830_NotifySetup_attach__E)
                  c373e320    00000240               : Ipc.obj (.text:ti_sdo_ipc_heaps_HeapMemMP_getStats__E)
                  c373e560    00000240     ti.targets.rts6000.ae674 : LoggerBuf.oe674 (.text:xdc_runtime_LoggerBuf_write8__F)
                  c373e7a0    00000220     ti.syslink.ipc.rtos.ae674 : ClientNotifyMgr.oe674 (.text:ClientNotifyMgr_destroy)
                  c373e9c0    00000220                               : FrameQ_ShMem.oe674 (.text:FrameQ_ShMem_sharedMemReq)
                  c373ebe0    00000220                               : SyslinkMemMgr.oe674 (.text:SyslinkMemMgr_create)
                  c373ee00    00000220     ipc.ae674 : Ipc.obj (.text:ti_sdo_ipc_nsremote_NameServerRemoteNotify_swiFxn__I)
                  c373f020    00000220     sysbios.ae674 : BIOS.obj (.text:ti_sysbios_family_c64p_Hwi_reconfig__E)
                  c373f240    00000220                   : BIOS.obj (.text:ti_sysbios_gates_GateMutexPri_enter__E)
                  c373f460    00000220     ti.targets.rts6000.ae674 : Core-mem.oe674 (.text:xdc_runtime_Core_createObject__I)
                  c373f680    00000200     sysbios.ae674 : c64p_Hwi_disp_always.obj (.text:_ti_sysbios_family_c64p_Hwi_dispatchAlways)
                  c373f880    00000200     ipc.ae674 : Ipc.obj (.text:ti_sdo_ipc_Ipc_procSyncFinish__I)
                  c373fa80    00000200               : Ipc.obj (.text:ti_sdo_ipc_notifyDrivers_NotifyDriverShm_Instance_init__F)
                  c373fc80    00000200               : Ipc.obj (.text:ti_sdo_ipc_notifyDrivers_NotifyDriverShm_sendEvent__E)
                  c373fe80    000001e0     ti.syslink.ipc.rtos.ae674 : FrameQBufMgr.oe674 (.text:FrameQBufMgr_setup)
                  c3740060    000001e0                               : FrameQ_ShMem.oe674 (.text:FrameQ_ShMem_getNumFrames)
                  c3740240    000001e0     ipc.ae674 : Ipc.obj (.text:GateMP_sharedMemReq)
                  c3740420    000001e0               : Ipc.obj (.text:ListMP_openByAddr)
                  c3740600    000001e0     Platform.lib : GPIO.obj (.text)
                  c37407e0    000001e0     ipc.ae674 : Ipc.obj (.text:ti_sdo_utils_NameServer_Instance_finalize__F)
                  c37409c0    000001e0     sysbios.ae674 : BIOS.obj (.text:ti_sysbios_family_c64p_Exception_externalHandler__I)
                  c3740ba0    000001e0                   : BIOS.obj (.text:ti_sysbios_knl_Task_Instance_init__F)
                  c3740d80    000001e0                   : BIOS.obj (.text:ti_sysbios_knl_Task_checkStacks__E)
                  c3740f60    000001c0     ipc.ae674 : Ipc.obj (.text:ti_sdo_ipc_GateMP_getFreeResource__I)
                  c3741120    000001c0               : Ipc.obj (.text:ti_sdo_ipc_heaps_HeapMemMP_postInit__I)
                  c37412e0    000001c0     sysbios.ae674 : BIOS.obj (.text:ti_sysbios_family_c64p_Cache_block__I)
                  c37414a0    000001c0                   : BIOS.obj (.text:ti_sysbios_family_c64p_Exception_decodeMpfsr__I)
                  c3741660    000001c0                   : BIOS.obj (.text:ti_sysbios_knl_Task_exit__E)
                  c3741820    000001c0                   : BIOS.obj (.text:ti_sysbios_knl_Task_postInit__I)
                  c37419e0    000001c0     ti.targets.rts6000.ae674 : Text.oe674 (.text:xdc_runtime_Text_putSite__F)
                  c3741ba0    000001a0     ti.syslink.ipc.rtos.ae674 : FrameQBufMgr_ShMem.oe674 (.text:FrameQBufMgr_ShMem_setup)
                  c3741d40    000001a0                               : FrameQBufMgr.oe674 (.text:FrameQBufMgr_delete)
                  c3741ee0    000001a0     ipc.ae674 : Ipc.obj (.text:ti_sdo_ipc_notifyDrivers_NotifyDriverShm_registerEvent__E)
                  c3742080    000001a0               : Ipc.obj (.text:ti_sdo_ipc_notifyDrivers_NotifyDriverShm_unregisterEvent__E)
                  c3742220    000001a0               : Ipc.obj (.text:ti_sdo_utils_NameServer_Instance_init__F)
                  c37423c0    000001a0     sysbios.ae674 : BIOS.obj (.text:ti_sysbios_timers_timer64_Timer_start__E)
                  c3742560    000001a0     ti.targets.rts6000.ae674 : LoggerBuf.oe674 (.text:xdc_runtime_LoggerBuf_write4__F)
                  c3742700    00000180     ipc.ae674 : Ipc.obj (.text:NameServer_getHandle)
                  c3742880    00000180     Platform.lib : UART.obj (.text)
                  c3742a00    00000180     ti.syslink.ipc.rtos.ae674 : RingIO.oe674 (.text:RingIO_setup)
                  c3742b80    00000180     drivers.lib : psc.obj (.text)
                  c3742d00    00000180     sysbios.ae674 : c64p_Exception_asm.obj (.text)
                  c3742e80    00000180     ipc.ae674 : Ipc.obj (.text:ti_sdo_ipc_gates_GatePeterson_enter__E)
                  c3743000    00000180               : Ipc.obj (.text:ti_sdo_ipc_notifyDrivers_NotifyDriverShm_isr__I)
                  c3743180    00000180     sysbios.ae674 : BIOS.obj (.text:ti_sysbios_heaps_HeapMem_alloc__E)
                  c3743300    00000180                   : BIOS.obj (.text:ti_sysbios_knl_Swi_schedule__I)
                  c3743480    00000180                   : BIOS.obj (.text:ti_sysbios_knl_Task_setPri__E)
                  c3743600    00000160     ti.syslink.ipc.rtos.ae674 : ClientNotifyMgr.oe674 (.text:ClientNotifyMgr_waitOnMultiSubEntryNotify)
                  c3743760    00000160                               : FrameQBufMgr_ShMem.oe674 (.text:FrameQBufMgr_ShMem_invalidate)
                  c37438c0    00000160                               : FrameQBufMgr_ShMem.oe674 (.text:FrameQBufMgr_ShMem_writeBack)
                  c3743a20    00000160                               : FrameQ_ShMem.oe674 (.text:FrameQ_ShMem_setup)
                  c3743b80    00000160                               : FrameQ.oe674 (.text:FrameQ_destroy)
                  c3743ce0    00000160                               : _Syslink.oe674 (.text:SysLink_setup)
                  c3743e40    00000160     ipc.ae674 : Ipc.obj (.text:ti_sdo_ipc_GateMP_openRegion0Reserved__F)
                  c3743fa0    00000160               : Ipc.obj (.text:ti_sdo_ipc_ListMP_Instance_finalize__F)
                  c3744100    00000160               : Ipc.obj (.text:ti_sdo_ipc_Notify_Instance_init__F)
                  c3744260    00000160               : Ipc.obj (.text:ti_sdo_ipc_heaps_HeapMemMP_Instance_finalize__F)
                  c37443c0    00000160               : Ipc.obj (.text:ti_sdo_utils_NameServer_removeLocal__I)
                  c3744520    00000160     sysbios.ae674 : BIOS.obj (.text:ti_sysbios_knl_Task_schedule__I)
                  c3744680    00000160                   : BIOS.obj (.text:ti_sysbios_knl_Task_startCore__E)
                  c37447e0    00000140     ipc.ae674 : Ipc.obj (.text:HeapMemMP_openByAddr)
                  c3744920    00000140               : Ipc.obj (.text:MessageQ_put)
                  c3744a60    00000140               : Ipc.obj (.text:Notify_registerEvent)
                  c3744ba0    00000140     boot.ae674 : autoinit.oe674 (.text:_auto_init_elf)
                  c3744ce0    00000140     ipc.ae674 : Ipc.obj (.text:ti_sdo_ipc_SharedRegion_start__F)
                  c3744e20    00000140               : Ipc.obj (.text:ti_sdo_ipc_notifyDrivers_NotifyDriverShm_disableEvent__E)
                  c3744f60    00000140               : Ipc.obj (.text:ti_sdo_ipc_transports_TransportShm_openByAddr__F)
                  c37450a0    00000140               : Ipc.obj (.text:ti_sdo_ipc_transports_TransportShm_put__E)
                  c37451e0    00000140     sysbios.ae674 : BIOS.obj (.text:ti_sysbios_heaps_HeapMem_free__E)
                  c3745320    00000140                   : BIOS.obj (.text:ti_sysbios_knl_Task_Module_startup__F)
                  c3745460    00000140                   : BIOS.obj (.text:ti_sysbios_knl_Task_sleep__E)
                  c37455a0    00000140     ti.targets.rts6000.ae674 : Text.oe674 (.text:xdc_runtime_Text_putLab__F)
                  c37456e0    00000120     ti.syslink.ipc.rtos.ae674 : FrameQBufMgr_ShMem.oe674 (.text:FrameQBufMgr_ShMem_getvNumFreeFrames)
                  c3745800    00000120                               : FrameQBufMgr_ShMem.oe674 (.text:FrameQBufMgr_ShMem_open)
                  c3745920    00000120     ipc.ae674 : Ipc.obj (.text:HeapMemMP_sharedMemReq)
                  c3745a40    00000120               : Ipc.obj (.text:ti_sdo_ipc_MessageQ_Module_startup__F)
                  c3745b60    00000120               : Ipc.obj (.text:ti_sdo_ipc_transports_TransportShm_sharedMemReq__F)
                  c3745c80    00000120     sysbios.ae674 : BIOS.obj (.text:ti_sysbios_family_c64p_Exception_Module_startup__F)
                  c3745da0    00000120                   : BIOS.obj (.text:ti_sysbios_knl_Clock_workFunc__E)
                  c3745ec0    00000120     ti.targets.rts6000.ae674 : LoggerBuf.oe674 (.text:xdc_runtime_LoggerBuf_setFilterLevel__F)
                  c3745fe0    00000120                              : Text.oe674 (.text:xdc_runtime_Text_putMod__F)
                  c3746100    00000100     ti.syslink.ipc.rtos.ae674 : ClientNotifyMgr.oe674 (.text:ClientNotifyMgr_swiFxn)
                  c3746200    00000100                               : FrameQBufMgr_ShMem.oe674 (.text:FrameQBufMgr_Shmem_updateCacheFlags)
                  c3746300    00000100                               : FrameQBufMgr.oe674 (.text:FrameQBufMgr_destroy)
                  c3746400    00000100     ipc.ae674 : Ipc.obj (.text:ListMP_sharedMemReq)
                  c3746500    00000100               : Ipc.obj (.text:Notify_registerEventSingle)
                  c3746600    00000100               : Ipc.obj (.text:Notify_sendEvent)
                  c3746700    00000100               : Ipc.obj (.text:Notify_unregisterEventSingle)
                  c3746800    00000100     ti.syslink.ipc.rtos.ae674 : FrameQ_ShMem.oe674 (.text:_FrameQ_ShMem_resetNotifyId)
                  c3746900    00000100                               : FrameQ_ShMem.oe674 (.text:_FrameQ_ShMem_setNotifyId)
                  c3746a00    00000100     ipc.ae674 : Ipc.obj (.text:ti_sdo_ipc_GateMP_start__F)
                  c3746b00    00000100               : Ipc.obj (.text:ti_sdo_ipc_Notify_Instance_finalize__F)
                  c3746c00    00000100     dsp_pe674.oe674 (.text:ti_sdo_ipc_Notify_Object__create__S)
                  c3746d00    00000100     ipc.ae674 : Ipc.obj (.text:ti_sdo_ipc_SharedRegion_attach__F)
                  c3746e00    00000100               : Ipc.obj (.text:ti_sdo_ipc_SharedRegion_clearReservedMemory__F)
                  c3746f00    00000100     dsp_pe674.oe674 (.text:ti_sdo_ipc_gates_GatePeterson_Object__create__S)
                  c3747000    00000100     ipc.ae674 : Ipc.obj (.text:ti_sdo_ipc_nsremote_NameServerRemoteNotify_Instance_finalize__F)
                  c3747100    00000100     dsp_pe674.oe674 (.text:ti_sdo_ipc_nsremote_NameServerRemoteNotify_Object__create__S)
                  c3747200    00000100     ipc.ae674 : Ipc.obj (.text:ti_sdo_ipc_transports_TransportShmSetup_attach__E)
                  c3747300    00000100     dsp_pe674.oe674 (.text:ti_sdo_ipc_transports_TransportShm_Object__create__S)
                  c3747400    00000100     dsp_pe674.oe674 (.text:ti_sdo_utils_NameServer_Object__create__S)
                  c3747500    00000100     ipc.ae674 : Ipc.obj (.text:ti_sdo_utils_NameServer_findLocal__I)
                  c3747600    00000100     sysbios.ae674 : BIOS.obj (.text:ti_sysbios_family_c64p_Hwi_Module_startup__F)
                  c3747700    00000100     dsp_pe674.oe674 (.text:ti_sysbios_family_c64p_Hwi_Object__create__S)
                  c3747800    00000100     sysbios.ae674 : BIOS.obj (.text:ti_sysbios_family_c64p_Hwi_dispatchC__I)
                  c3747900    00000100                   : BIOS.obj (.text:ti_sysbios_gates_GateMutexPri_leave__E)
                  c3747a00    00000100     dsp_pe674.oe674 (.text:ti_sysbios_hal_Hwi_Object__create__S)
                  c3747b00    00000100     sysbios.ae674 : BIOS.obj (.text:ti_sysbios_knl_Clock_startI__E)
                  c3747c00    00000100                   : BIOS.obj (.text:ti_sysbios_knl_Semaphore_post__E)
                  c3747d00    00000100     dsp_pe674.oe674 (.text:ti_sysbios_knl_Swi_Object__create__S)
                  c3747e00    00000100     sysbios.ae674 : BIOS.obj (.text:ti_sysbios_knl_Swi_restoreHwi__E)
                  c3747f00    00000100     dsp_pe674.oe674 (.text:ti_sysbios_knl_Task_Object__create__S)
                  c3748000    00000100     sysbios.ae674 : BIOS.obj (.text:ti_sysbios_timers_timer64_Timer_initDevice__I)
                  c3748100    00000100     ti.targets.rts6000.ae674 : Core-mem.oe674 (.text:xdc_runtime_Core_deleteObject__I)
                  c3748200    00000100                              : LoggerBuf.oe674 (.text:xdc_runtime_LoggerBuf_getFilterLevel__F)
                  c3748300    00000100                              : Startup.oe674 (.text:xdc_runtime_Startup_exec__F)
                  c3748400    00000100                              : Text.oe674 (.text:xdc_runtime_Text_visitRope2__I)
                  c3748500    000000e0     ti.syslink.ipc.rtos.ae674 : ClientNotifyMgr.oe674 (.text:ClientNotifyMgr_cbFxn)
                  c37485e0    000000e0                               : ClientNotifyMgr.oe674 (.text:ClientNotifyMgr_enableNotification)
                  c37486c0    000000e0                               : ClientNotifyMgr.oe674 (.text:ClientNotifyMgr_thFxn)
                  c37487a0    000000e0                               : FrameQBufMgr.oe674 (.text:FrameQBufMgr_getHandle)
                  c3748880    000000e0                               : FrameQBufMgr.oe674 (.text:FrameQBufMgr_getInstNo)
                  c3748960    000000e0                               : FrameQ_ShMem.oe674 (.text:FrameQ_ShMem_open)
                  c3748a40    000000e0     ipc.ae674 : Ipc.obj (.text:NameServer_getLocal)
                  c3748b20    000000e0     Platform.lib : UARTConsole.obj (.text)
                  c3748c00    000000e0     ti.syslink.ipc.rtos.ae674 : RingIOShm.oe674 (.text:RingIOShm_setup)
                  c3748ce0    000000e0                               : RingIO.oe674 (.text:RingIO_destroy)
                  c3748dc0    000000e0                               : SharedMemoryMgr.oe674 (.text:SyslinkMemMgr_SharedMemory_translate)
                  c3748ea0    000000e0     rts6740_elf.lib : memset.obj (.text:memset)
                  c3748f80    000000e0     dsp_pe674.oe674 (.text:ti_sdo_ipc_GateMP_Object__create__S)
                  c3749060    000000e0     ipc.ae674 : Ipc.obj (.text:ti_sdo_ipc_Ipc_getMasterAddr__I)
                  c3749140    000000e0               : Ipc.obj (.text:ti_sdo_ipc_Ipc_getSlaveAddr__I)
                  c3749220    000000e0     dsp_pe674.oe674 (.text:ti_sdo_ipc_ListMP_Object__create__S)
                  c3749300    000000e0     ipc.ae674 : Ipc.obj (.text:ti_sdo_ipc_Notify_detach__F)
                  c37493e0    000000e0               : Ipc.obj (.text:ti_sdo_ipc_SharedRegion_reserveMemory__F)
                  c37494c0    000000e0               : Ipc.obj (.text:ti_sdo_ipc_SharedRegion_stop__F)
                  c37495a0    000000e0               : Ipc.obj (.text:ti_sdo_ipc_gates_GatePeterson_sharedMemReq__E)
                  c3749680    000000e0     dsp_pe674.oe674 (.text:ti_sdo_ipc_heaps_HeapMemMP_Object__create__S)
                  c3749760    000000e0     dsp_pe674.oe674 (.text:ti_sdo_ipc_notifyDrivers_NotifyDriverShm_Object__create__S)
                  c3749840    000000e0     ipc.ae674 : Ipc.obj (.text:ti_sdo_utils_NameServer_Module_startup__F)
                  c3749920    000000e0     sysbios.ae674 : BIOS.obj (.text:ti_sysbios_family_c64p_Cache_Module_startup__F)
                  c3749a00    000000e0                   : BIOS.obj (.text:ti_sysbios_family_c64p_Hwi_Instance_finalize__F)
                  c3749ae0    000000e0                   : BIOS.obj (.text:ti_sysbios_family_c64p_Hwi_Instance_init__F)
                  c3749bc0    000000e0                   : BIOS.obj (.text:ti_sysbios_knl_Task_unblockI__E)
                  c3749ca0    000000e0     ti.targets.rts6000.ae674 : Error.oe674 (.text:xdc_runtime_Error_print__F)
                  c3749d80    000000e0     dsp_pe674.oe674 (.text:xdc_runtime_LoggerBuf_Object__create__S)
                  c3749e60    000000e0     ti.targets.rts6000.ae674 : Memory.oe674 (.text:xdc_runtime_Memory_alloc__F)
                  c3749f40    000000e0     dsp_pe674.oe674 (.text:xdc_runtime_Registry_addModule__E)
                  c374a020    000000e0     dsp_pe674.oe674 (.text:xdc_runtime_knl_GateThread_Object__create__S)
                  c374a100    000000c0     ti.syslink.ipc.rtos.ae674 : ClientNotifyMgr.oe674 (.text:ClientNotifyMgr_sharedMemReq)
                  c374a1c0    000000c0                               : FrameQBufMgr_ShMem.oe674 (.text:FrameQBufMgr_ShMem_destroy)
                  c374a280    000000c0                               : FrameQ_ShMem.oe674 (.text:FrameQ_Shmem_updateCacheFlags)
                  c374a340    000000c0     rts6740_elf.lib : trgdrv.obj (.text:HOSTwrite)
                  c374a400    000000c0     ipc.ae674 : Ipc.obj (.text:HeapMemMP_create)
                  c374a4c0    000000c0               : Ipc.obj (.text:Ipc_stop)
                  c374a580    000000c0               : Ipc.obj (.text:ListMP_create)
                  c374a640    000000c0               : Ipc.obj (.text:MultiProc_getId)
                  c374a700    000000c0               : Ipc.obj (.text:NameServer_create)
                  c374a7c0    000000c0               : Ipc.obj (.text:SharedRegion_getId)
                  c374a880    000000c0     ti.syslink.ipc.rtos.ae674 : SyslinkMemMgr.oe674 (.text:SyslinkMemMgr_delete)
                  c374a940    000000c0     rts6740_elf.lib : dtor_list.obj (.text:_Z11__TI_atexitPFYvPvES_S_)
                  c374aa00    000000c0                     : dtor_list.obj (.text:__cxa_finalize)
                  c374aac0    000000c0                     : divu.obj (.text:__divu)
                  c374ab80    000000c0                     : exit.obj (.text:exit)
                  c374ac40    000000c0     ipc.ae674 : Ipc.obj (.text:ti_sdo_ipc_GateMP_attach__F)
                  c374ad00    000000c0               : Ipc.obj (.text:ti_sdo_ipc_ListMP_elemClear__I)
                  c374adc0    000000c0               : Ipc.obj (.text:ti_sdo_ipc_Notify_execMany__I)
                  c374ae80    000000c0               : Ipc.obj (.text:ti_sdo_ipc_SharedRegion_detach__F)
                  c374af40    000000c0               : Ipc.obj (.text:ti_sdo_ipc_family_da830_InterruptDsp_intRegister__E)
                  c374b000    000000c0               : Ipc.obj (.text:ti_sdo_ipc_gates_GatePeterson_postInit__I)
                  c374b0c0    000000c0               : Ipc.obj (.text:ti_sdo_ipc_nsremote_NameServerRemoteNotify_attach__E)
                  c374b180    000000c0               : Ipc.obj (.text:ti_sdo_utils_NameServer_postInit__I)
                  c374b240    000000c0     sysbios.ae674 : BIOS.obj (.text:ti_sysbios_heaps_HeapMem_getStats__E)
                  c374b300    000000c0                   : BIOS.obj (.text:ti_sysbios_knl_Swi_Instance_init__F)
                  c374b3c0    000000c0                   : BIOS.obj (.text:ti_sysbios_knl_Swi_run__I)
                  c374b480    000000c0                   : BIOS.obj (.text:ti_sysbios_knl_Task_allBlockedFunction__I)
                  c374b540    000000c0                   : BIOS.obj (.text:ti_sysbios_timers_timer64_Timer_startup__E)
                  c374b600    000000c0     ti.targets.rts6000.ae674 : LoggerBuf.oe674 (.text:xdc_runtime_LoggerBuf_Instance_init__F)
                  c374b6c0    000000c0     dsp_pe674.oe674 (.text:xdc_runtime_Registry_findById__E)
                  c374b780    000000c0     ti.targets.rts6000.ae674 : System.oe674 (.text:xdc_runtime_System_formatNum__I)
                  c374b840    000000a0     ti.syslink.ipc.rtos.ae674 : FrameQBufMgr_ShMem.oe674 (.text:FrameQBufMgr_ShMem_getNumFreeFrames)
                  c374b8e0    000000a0                               : FrameQBufMgr_ShMem.oe674 (.text:FrameQBufMgr_ShMem_registerNotifier)
                  c374b980    000000a0                               : FrameQBufMgr_ShMem.oe674 (.text:FrameQBufMgr_ShMem_translateAddr)
                  c374ba20    000000a0     ipc.ae674 : Ipc.obj (.text:SharedRegion_getPtr)
                  c374bac0    000000a0               : Ipc.obj (.text:SharedRegion_getSRPtr)
                  c374bb60    000000a0     rts6740_elf.lib : remu.obj (.text:__remu)
                  c374bc00    000000a0     boot.ae674 : boot.oe674 (.text:_c_int00)
                  c374bca0    000000a0     sysbios.ae674 : c64p_Hwi_asm.obj (.text:_ti_sysbios_family_c64p_Hwi_plug__E)
                  c374bd40    000000a0     rts6740_elf.lib : memcpy64.obj (.text:memcpy)
                  c374bde0    000000a0     ipc.ae674 : Ipc.obj (.text:ti_sdo_ipc_GateMP_detach__F)
                  c374be80    000000a0               : Ipc.obj (.text:ti_sdo_ipc_GateMP_getRegion0ReservedSize__F)
                  c374bf20    000000a0               : Ipc.obj (.text:ti_sdo_ipc_GateMP_stop__F)
                  c374bfc0    000000a0               : Ipc.obj (.text:ti_sdo_ipc_gates_GatePeterson_leave__E)
                  c374c060    000000a0               : Ipc.obj (.text:ti_sdo_ipc_notifyDrivers_NotifyDriverShm_Instance_finalize__F)
                  c374c100    000000a0               : Ipc.obj (.text:ti_sdo_ipc_transports_TransportShmSetup_detach__E)
                  c374c1a0    000000a0     sysbios.ae674 : BIOS.obj (.text:ti_sysbios_family_c64p_Hwi_eventMap__E)
                  c374c240    000000a0                   : BIOS.obj (.text:ti_sysbios_family_c64p_Hwi_getStackInfo__E)
                  c374c2e0    000000a0                   : BIOS.obj (.text:ti_sysbios_gates_GateMutex_enter__E)
                  c374c380    000000a0                   : BIOS.obj (.text:ti_sysbios_heaps_HeapMem_init__I)
                  c374c420    000000a0                   : BIOS.obj (.text:ti_sysbios_knl_Idle_run__E)
                  c374c4c0    000000a0                   : BIOS.obj (.text:ti_sysbios_knl_Semaphore_pendTimeout__I)
                  c374c560    000000a0                   : BIOS.obj (.text:ti_sysbios_knl_Swi_restore__E)
                  c374c600    000000a0                   : BIOS.obj (.text:ti_sysbios_timers_timer64_Timer_stop__E)
                  c374c6a0    000000a0     ti.targets.rts6000.ae674 : Assert.oe674 (.text:xdc_runtime_Assert_raise__I)
                  c374c740    000000a0                              : LoggerBuf.oe674 (.text:xdc_runtime_LoggerBuf_Module_startup__F)
                  c374c7e0    000000a0                              : Registry.oe674 (.text:xdc_runtime_Registry_addModule__F)
                  c374c880    000000a0                              : Registry.oe674 (.text:xdc_runtime_Registry_findByName__F)
                  c374c920    000000a0                              : SysMin.oe674 (.text:xdc_runtime_SysMin_abort__F)
                  c374c9c0    000000a0                              : SysMin.oe674 (.text:xdc_runtime_SysMin_flush__F)
                  c374ca60    000000a0                              : SysMin.oe674 (.text:xdc_runtime_SysMin_putch__F)
                  c374cb00    000000a0                              : Text.oe674 (.text:xdc_runtime_Text_xprintf__I)
                  c374cba0    00000080     ti.syslink.ipc.rtos.ae674 : FrameQBufMgr_ShMem.oe674 (.text:FrameQBufMgr_ShMem_invalidateHeaderBuf)
                  c374cc20    00000080                               : FrameQBufMgr.oe674 (.text:FrameQBufMgr_freeInstNo)
                  c374cca0    00000080                               : FrameQ_ShMem.oe674 (.text:FrameQ_ShMem_destroy)
                  c374cd20    00000080     ipc.ae674 : Ipc.obj (.text:GateMP_close)
                  c374cda0    00000080               : Ipc.obj (.text:GateMP_create)
                  c374ce20    00000080               : Ipc.obj (.text:HeapMemMP_restore)
                  c374cea0    00000080               : Ipc.obj (.text:SharedRegion_getEntry)
                  c374cf20    00000080     ti.syslink.ipc.rtos.ae674 : SharedMemoryMgr.oe674 (.text:SyslinkMemMgr_SharedMemory_delete)
                  c374cfa0    00000080                               : TilerMemoryMgr.oe674 (.text:SyslinkMemMgr_TilerMemory_delete)
                  c374d020    00000080     rts6740_elf.lib : llshift.obj (.text:__c6xabi_llshl)
                  c374d0a0    00000080     sysbios.ae674 : c62_TaskSupport_asm.obj (.text:_ti_sysbios_family_c62_TaskSupport_swap__E)
                  c374d120    00000080     main_dsp.oe674 (.text)
                  c374d1a0    00000080     dsp_pe674.oe674 (.text:malloc)
                  c374d220    00000080     rts6740_elf.lib : trgmsg.obj (.text:readmsg)
                  c374d2a0    00000080                     : strncpy.obj (.text:strncpy)
                  c374d320    00000080     ipc.ae674 : Ipc.obj (.text:ti_sdo_ipc_Notify_Module_startup__F)
                  c374d3a0    00000080               : Ipc.obj (.text:ti_sdo_ipc_family_da830_NotifySetup_sharedMemReq__E)
                  c374d420    00000080     dsp_pe674.oe674 (.text:ti_sdo_ipc_gates_GateMPSupportNull_Object__create__S)
                  c374d4a0    00000080     ipc.ae674 : Ipc.obj (.text:ti_sdo_ipc_notifyDrivers_NotifyDriverShm_sharedMemReq__F)
                  c374d520    00000080               : Ipc.obj (.text:ti_sdo_ipc_nsremote_NameServerRemoteNotify_detach__E)
                  c374d5a0    00000080               : Ipc.obj (.text:ti_sdo_ipc_transports_TransportShm_swiFxn__I)
                  c374d620    00000080     dsp_pe674.oe674 (.text:ti_sdo_utils_List_Object__create__S)
                  c374d6a0    00000080     sysbios.ae674 : BIOS.obj (.text:ti_sysbios_BIOS_errorRaiseHook__I)
                  c374d720    00000080     dsp_pe674.oe674 (.text:ti_sysbios_BIOS_exitFunc__I)
                  c374d7a0    00000080     dsp_pe674.oe674 (.text:ti_sysbios_gates_GateAll_Object__create__S)
                  c374d820    00000080     dsp_pe674.oe674 (.text:ti_sysbios_gates_GateHwi_Object__create__S)
                  c374d8a0    00000080     dsp_pe674.oe674 (.text:ti_sysbios_gates_GateMutexPri_Object__create__S)
                  c374d920    00000080     dsp_pe674.oe674 (.text:ti_sysbios_gates_GateMutex_Object__create__S)
                  c374d9a0    00000080     dsp_pe674.oe674 (.text:ti_sysbios_gates_GateSwi_Object__create__S)
                  c374da20    00000080     sysbios.ae674 : BIOS.obj (.text:ti_sysbios_hal_Hwi_checkStack:ti_sysbios_hal_Hwi_checkStack)
                  c374daa0    00000080                   : BIOS.obj (.text:ti_sysbios_hal_Hwi_initStack:ti_sysbios_hal_Hwi_initStack)
                  c374db20    00000080                   : BIOS.obj (.text:ti_sysbios_heaps_HeapMem_Instance_init__F)
                  c374dba0    00000080     dsp_pe674.oe674 (.text:ti_sysbios_heaps_HeapMem_Object__create__S)
                  c374dc20    00000080     sysbios.ae674 : BIOS.obj (.text:ti_sysbios_knl_Clock_Module_startup__F)
                  c374dca0    00000080     dsp_pe674.oe674 (.text:ti_sysbios_knl_Clock_doTick__I)
                  c374dd20    00000080     sysbios.ae674 : BIOS.obj (.text:ti_sysbios_knl_Clock_getTicks__E)
                  c374dda0    00000080     dsp_pe674.oe674 (.text:ti_sysbios_knl_Queue_Object__create__S)
                  c374de20    00000080     dsp_pe674.oe674 (.text:ti_sysbios_knl_Semaphore_Object__create__S)
                  c374dea0    00000080     sysbios.ae674 : BIOS.obj (.text:ti_sysbios_knl_Swi_post__E)
                  c374df20    00000080                   : BIOS.obj (.text:ti_sysbios_knl_Task_processVitalTaskFlag__I)
                  c374dfa0    00000080                   : BIOS.obj (.text:ti_sysbios_knl_Task_restoreHwi__E)
                  c374e020    00000080                   : BIOS.obj (.text:ti_sysbios_knl_Task_restore__E)
                  c374e0a0    00000080                   : BIOS.obj (.text:ti_sysbios_knl_Task_yield__E)
                  c374e120    00000080                   : BIOS.obj (.text:ti_sysbios_timers_timer64_Timer_getExpiredCounts__E)
                  c374e1a0    00000080                   : BIOS.obj (.text:ti_sysbios_timers_timer64_Timer_getPeriod__E)
                  c374e220    00000080     dsp_pe674.oe674 (.text:ti_sysbios_xdcruntime_GateThreadSupport_Object__create__S)
                  c374e2a0    00000080     ti.targets.rts6000.ae674 : Core-label.oe674 (.text:xdc_runtime_Core_assignLabel__I)
                  c374e320    00000080                              : Core-params.oe674 (.text:xdc_runtime_Core_assignParams__I)
                  c374e3a0    00000080                              : LoggerBuf.oe674 (.text:xdc_runtime_LoggerBuf_filterOutEvent__I)
                  c374e420    00000080                              : System.oe674 (.text:xdc_runtime_System_atexit__F)
                  c374e4a0    00000080                              : System.oe674 (.text:xdc_runtime_System_putchar__I)
                  c374e520    00000080                              : System.oe674 (.text:xdc_runtime_System_rtsExit__I)
                  c374e5a0    00000080                              : Text.oe674 (.text:xdc_runtime_Text_printVisFxn__I)
                  c374e620    00000060     ti.syslink.ipc.rtos.ae674 : ClientNotifyMgr.oe674 (.text:ClientNotifyMgr_Params_init)
                  c374e680    00000060                               : ClientNotifyMgr.oe674 (.text:ClientNotifyMgr_callBack)
                  c374e6e0    00000060                               : ClientNotifyMgr.oe674 (.text:ClientNotifyMgr_getConfig)
                  c374e740    00000060                               : ClientNotifyMgr.oe674 (.text:ClientNotifyMgr_setNameServer)
                  c374e7a0    00000060                               : FrameQBufMgr.oe674 (.text:FrameQBufMgr_Params_init)
                  c374e800    00000060                               : FrameQBufMgr_ShMem.oe674 (.text:FrameQBufMgr_ShMem_getConfig)
                  c374e860    00000060                               : FrameQBufMgr_ShMem.oe674 (.text:FrameQBufMgr_ShMem_invalidateFrameBuf)
                  c374e8c0    00000060                               : FrameQBufMgr_ShMem.oe674 (.text:FrameQBufMgr_ShMem_unregisterNotifier)
                  c374e920    00000060                               : FrameQBufMgr_ShMem.oe674 (.text:FrameQBufMgr_ShMem_writeBackFrameBuf)
                  c374e980    00000060                               : FrameQBufMgr_ShMem.oe674 (.text:FrameQBufMgr_ShMem_writeBackHeaderBuf)
                  c374e9e0    00000060                               : FrameQBufMgr.oe674 (.text:FrameQBufMgr_getConfig)
                  c374ea40    00000060                               : FrameQ_ShMem.oe674 (.text:FrameQ_ShMem_alloc)
                  c374eaa0    00000060                               : FrameQ_ShMem.oe674 (.text:FrameQ_ShMem_allocv)
                  c374eb00    00000060                               : FrameQ_ShMem.oe674 (.text:FrameQ_ShMem_freev)
                  c374eb60    00000060                               : FrameQ_ShMem.oe674 (.text:FrameQ_ShMem_getConfig)
                  c374ebc0    00000060     ipc.ae674 : Ipc.obj (.text:GateMP_Params_init)
                  c374ec20    00000060               : Ipc.obj (.text:HeapMemMP_Params_init)
                  c374ec80    00000060               : Ipc.obj (.text:Ipc_isAttached)
                  c374ece0    00000060               : Ipc.obj (.text:Notify_numIntLines)
                  c374ed40    00000060               : Ipc.obj (.text:Notify_sharedMemReq)
                  c374eda0    00000060               : Ipc.obj (.text:SharedRegion_getCacheLineSize)
                  c374ee00    00000060               : Ipc.obj (.text:SharedRegion_getHeap)
                  c374ee60    00000060               : Ipc.obj (.text:SharedRegion_isCacheEnabled)
                  c374eec0    00000060     ti.syslink.ipc.rtos.ae674 : SharedMemoryMgr.oe674 (.text:SyslinkMemMgr_SharedMemory_alloc)
                  c374ef20    00000060                               : SharedMemoryMgr.oe674 (.text:SyslinkMemMgr_SharedMemory_create)
                  c374ef80    00000060                               : SharedMemoryMgr.oe674 (.text:SyslinkMemMgr_SharedMemory_free)
                  c374efe0    00000060                               : TilerMemoryMgr.oe674 (.text:SyslinkMemMgr_TilerMemory_create)
                  c374f040    00000060                               : SyslinkMemMgr.oe674 (.text:SyslinkMemMgr_alloc)
                  c374f0a0    00000060                               : SyslinkMemMgr.oe674 (.text:SyslinkMemMgr_free)
                  c374f100    00000060     rts6740_elf.lib : imath64.obj (.text:_subcull)
                  c374f160    00000060     dsp_pe674.oe674 (.text:calloc)
                  c374f1c0    00000060     dsp_pe674.oe674 (.text:ti_sdo_ipc_GateMP_Object__delete__S)
                  c374f220    00000060     ipc.ae674 : Ipc.obj (.text:ti_sdo_ipc_GateMP_createLocal__F)
                  c374f280    00000060               : Ipc.obj (.text:ti_sdo_ipc_Ipc_getRegion0ReservedSize__I)
                  c374f2e0    00000060     dsp_pe674.oe674 (.text:ti_sdo_ipc_ListMP_Object__delete__S)
                  c374f340    00000060     dsp_pe674.oe674 (.text:ti_sdo_ipc_Notify_Object__delete__S)
                  c374f3a0    00000060     ipc.ae674 : Ipc.obj (.text:ti_sdo_ipc_gates_GatePeterson_Instance_finalize__F)
                  c374f400    00000060     dsp_pe674.oe674 (.text:ti_sdo_ipc_gates_GatePeterson_Object__delete__S)
                  c374f460    00000060     dsp_pe674.oe674 (.text:ti_sdo_ipc_heaps_HeapMemMP_Object__delete__S)
                  c374f4c0    00000060     dsp_pe674.oe674 (.text:ti_sdo_ipc_notifyDrivers_NotifyDriverShm_Object__delete__S)
                  c374f520    00000060     ipc.ae674 : Ipc.obj (.text:ti_sdo_ipc_notifyDrivers_NotifyDriverShm_enableEvent__E)
                  c374f580    00000060               : Ipc.obj (.text:ti_sdo_ipc_notifyDrivers_NotifyDriverShm_setNotifyHandle__E)
                  c374f5e0    00000060     dsp_pe674.oe674 (.text:ti_sdo_ipc_nsremote_NameServerRemoteNotify_Object__delete__S)
                  c374f640    00000060     ipc.ae674 : Ipc.obj (.text:ti_sdo_ipc_transports_TransportShmSetup_sharedMemReq__E)
                  c374f6a0    00000060     dsp_pe674.oe674 (.text:ti_sdo_ipc_transports_TransportShm_Object__delete__S)
                  c374f700    00000060     dsp_pe674.oe674 (.text:ti_sdo_utils_NameServer_Object__delete__S)
                  c374f760    00000060     sysbios.ae674 : BIOS.obj (.text:ti_sysbios_BIOS_registerRTSLock__I)
                  c374f7c0    00000060                   : BIOS.obj (.text:ti_sysbios_BIOS_removeRTSLock__I)
                  c374f820    00000060                   : BIOS.obj (.text:ti_sysbios_BIOS_rtsLock__I)
                  c374f880    00000060                   : BIOS.obj (.text:ti_sysbios_family_c62_TaskSupport_start__E)
                  c374f8e0    00000060                   : BIOS.obj (.text:ti_sysbios_family_c64p_Cache_all__I)
                  c374f940    00000060                   : BIOS.obj (.text:ti_sysbios_family_c64p_Cache_marInit__I)
                  c374f9a0    00000060                   : BIOS.obj (.text:ti_sysbios_family_c64p_Cache_setMar__E)
                  c374fa00    00000060                   : BIOS.obj (.text:ti_sysbios_family_c64p_Cache_setSize__E)
                  c374fa60    00000060                   : BIOS.obj (.text:ti_sysbios_family_c64p_Cache_wait__E)
                  c374fac0    00000060     dsp_pe674.oe674 (.text:ti_sysbios_family_c64p_Hwi_Object__delete__S)
                  c374fb20    00000060     sysbios.ae674 : BIOS.obj (.text:ti_sysbios_gates_GateAll_enter__E)
                  c374fb80    00000060                   : BIOS.obj (.text:ti_sysbios_gates_GateAll_leave__E)
                  c374fbe0    00000060     dsp_pe674.oe674 (.text:ti_sysbios_gates_GateMutexPri_Object__delete__S)
                  c374fc40    00000060     sysbios.ae674 : BIOS.obj (.text:ti_sysbios_gates_GateMutex_Instance_init__F)
                  c374fca0    00000060     dsp_pe674.oe674 (.text:ti_sysbios_gates_GateMutex_Object__delete__S)
                  c374fd00    00000060     sysbios.ae674 : BIOS.obj (.text:ti_sysbios_hal_Hwi_Instance_init__F)
                  c374fd60    00000060     dsp_pe674.oe674 (.text:ti_sysbios_hal_Hwi_Object__delete__S)
                  c374fdc0    00000060     sysbios.ae674 : BIOS.obj (.text:ti_sysbios_knl_Clock_setupTimerToSkipTicks__E)
                  c374fe20    00000060                   : BIOS.obj (.text:ti_sysbios_knl_Semaphore_Instance_init__F)
                  c374fe80    00000060     dsp_pe674.oe674 (.text:ti_sysbios_knl_Semaphore_Object__delete__S)
                  c374fee0    00000060     sysbios.ae674 : BIOS.obj (.text:ti_sysbios_knl_Swi_Module_startup__F)
                  c374ff40    00000060     dsp_pe674.oe674 (.text:ti_sysbios_knl_Swi_Object__delete__S)
                  c374ffa0    00000060     dsp_pe674.oe674 (.text:ti_sysbios_knl_Task_Object__delete__S)
                  c3750000    00000060     sysbios.ae674 : BIOS.obj (.text:ti_sysbios_knl_Task_enter__I)
                  c3750060    00000060                   : BIOS.obj (.text:ti_sysbios_knl_Task_sleepTimeout__I)
                  c37500c0    00000060     dsp_pe674.oe674 (.text:ti_sysbios_xdcruntime_GateThreadSupport_Object__delete__S)
                  c3750120    00000060     ti.syslink.ipc.rtos.ae674 : Syslink.oe674 (.text:ti_syslink_ipc_rtos_Syslink_attach)
                  c3750180    00000060     rts6740_elf.lib : trgmsg.obj (.text:writemsg)
                  c37501e0    00000060     dsp_pe674.oe674 (.text:xdc_runtime_GateNull_Object__create__S)
                  c3750240    00000060     dsp_pe674.oe674 (.text:xdc_runtime_LoggerBuf_Object__delete__S)
                  c37502a0    00000060     ti.targets.rts6000.ae674 : Memory.oe674 (.text:xdc_runtime_Memory_calloc__F)
                  c3750300    00000060                              : Memory.oe674 (.text:xdc_runtime_Memory_valloc__F)
                  c3750360    00000060                              : SysMin.oe674 (.text:xdc_runtime_SysMin_Module_startup__F)
                  c37503c0    00000060                              : SysMin.oe674 (.text:xdc_runtime_SysMin_exit__F)
                  c3750420    00000060     dsp_pe674.oe674 (.text:xdc_runtime_SysMin_output__I)
                  c3750480    00000060     ti.targets.rts6000.ae674 : System.oe674 (.text:xdc_runtime_System_aprintf_va__F)
                  c37504e0    00000060                              : System.oe674 (.text:xdc_runtime_System_printf_va__F)
                  c3750540    00000060                              : Text.oe674 (.text:xdc_runtime_Text_cordText__F)
                  c37505a0    00000060     dsp_pe674.oe674 (.text:xdc_runtime_knl_GateThread_Object__delete__S)
                  c3750600    00000040     ti.syslink.ipc.rtos.ae674 : FrameQ_ShMem.oe674 (.text:FrameQ_ShMem_dup)
                  c3750640    00000040                               : FrameQ_ShMem.oe674 (.text:FrameQ_ShMem_free)
                  c3750680    00000040                               : FrameQ_ShMem.oe674 (.text:FrameQ_ShMem_getNumFreeFrames)
                  c37506c0    00000040                               : FrameQ_ShMem.oe674 (.text:FrameQ_ShMem_getvNumFreeFrames)
                  c3750700    00000040                               : FrameQ_ShMem.oe674 (.text:FrameQ_ShMem_sendNotify)
                  c3750740    00000040                               : FrameQ.oe674 (.text:FrameQ_getConfig)
                  c3750780    00000040     ipc.ae674 : Ipc.obj (.text:HeapMemMP_alloc)
                  c37507c0    00000040               : Ipc.obj (.text:Notify_intLineRegistered)
                  c3750800    00000040     ti.syslink.ipc.rtos.ae674 : RingIOShm.oe674 (.text:RingIOShm_destroy)
                  c3750840    00000040                               : SharedMemoryMgr.oe674 (.text:SyslinkMemMgr_SharedMemory_Params_init)
                  c3750880    00000040                               : TilerMemoryMgr.oe674 (.text:SyslinkMemMgr_TilerMemory_Params_init)
                  c37508c0    00000040     rts6740_elf.lib : llshift.obj (.text:__c6xabi_llshru)
                  c3750900    00000040                     : strasg.obj (.text:__strasgi_64plus)
                  c3750940    00000040                     : args_main.obj (.text:_args_main)
                  c3750980    00000040     sysbios.ae674 : c62_TaskSupport_asm.obj (.text:_ti_sysbios_family_c62_TaskSupport_buildTaskStack)
                  c37509c0    00000040                   : c64p_Hwi_asm_switch.obj (.text:_ti_sysbios_family_xxx_Hwi_switchToIsrStack)
                  c3750a00    00000040     dsp_pe674.oe674 (.text:free)
                  c3750a40    00000040     ti.syslink.ipc.rtos.ae674 : FrameQBufMgr_ShMem.oe674 (.text:strcpy)
                  c3750a80    00000040     ipc.ae674 : Ipc.obj (.text:ti_sdo_ipc_MessageQ_registerTransport__F)
                  c3750ac0    00000040               : Ipc.obj (.text:ti_sdo_ipc_MessageQ_unregisterTransport__F)
                  c3750b00    00000040               : Ipc.obj (.text:ti_sdo_ipc_Notify_exec__F)
                  c3750b40    00000040               : Ipc.obj (.text:ti_sdo_ipc_SharedRegion_resetInternalFields__F)
                  c3750b80    00000040               : Ipc.obj (.text:ti_sdo_ipc_family_da830_InterruptDsp_intClear__E)
                  c3750bc0    00000040               : Ipc.obj (.text:ti_sdo_ipc_family_da830_InterruptDsp_intSend__E)
                  c3750c00    00000040     dsp_pe674.oe674 (.text:ti_sdo_ipc_gates_GateMPSupportNull_Handle__label__S)
                  c3750c40    00000040     dsp_pe674.oe674 (.text:ti_sdo_ipc_gates_GateMPSupportNull_Object__delete__S)
                  c3750c80    00000040     dsp_pe674.oe674 (.text:ti_sdo_ipc_gates_GatePeterson_Handle__label__S)
                  c3750cc0    00000040     dsp_pe674.oe674 (.text:ti_sdo_ipc_heaps_HeapMemMP_Handle__label__S)
                  c3750d00    00000040     dsp_pe674.oe674 (.text:ti_sdo_ipc_notifyDrivers_NotifyDriverShm_Handle__label__S)
                  c3750d40    00000040     dsp_pe674.oe674 (.text:ti_sdo_ipc_nsremote_NameServerRemoteNotify_Handle__label__S)
                  c3750d80    00000040     ipc.ae674 : Ipc.obj (.text:ti_sdo_ipc_nsremote_NameServerRemoteNotify_sharedMemReq__E)
                  c3750dc0    00000040     dsp_pe674.oe674 (.text:ti_sdo_ipc_transports_TransportShm_Handle__label__S)
                  c3750e00    00000040     dsp_pe674.oe674 (.text:ti_sdo_utils_List_Object__delete__S)
                  c3750e40    00000040     ipc.ae674 : Ipc.obj (.text:ti_sdo_utils_List_get__E)
                  c3750e80    00000040               : Ipc.obj (.text:ti_sdo_utils_List_putHead__E)
                  c3750ec0    00000040               : Ipc.obj (.text:ti_sdo_utils_List_put__E)
                  c3750f00    00000040     dsp_pe674.oe674 (.text:ti_sdo_utils_NameServer_Module__startupDone__F)
                  c3750f40    00000040     dsp_pe674.oe674 (.text:ti_sdo_utils_NameServer_Object__get__S)
                  c3750f80    00000040     ipc.ae674 : Ipc.obj (.text:ti_sdo_utils_NameServer_registerRemoteDriver__E)
                  c3750fc0    00000040               : Ipc.obj (.text:ti_sdo_utils_NameServer_unregisterRemoteDriver__E)
                  c3751000    00000040     sysbios.ae674 : BIOS.obj (.text:ti_sysbios_BIOS_rtsUnlock__I)
                  c3751040    00000040     dsp_pe674.oe674 (.text:ti_sysbios_BIOS_startFunc__I)
                  c3751080    00000040     dsp_pe674.oe674 (.text:ti_sysbios_family_c64p_Hwi_Module__startupDone__F)
                  c37510c0    00000040     sysbios.ae674 : BIOS.obj (.text:ti_sysbios_family_c64p_Hwi_disableInterrupt__E)
                  c3751100    00000040                   : BIOS.obj (.text:ti_sysbios_family_c64p_Hwi_enableInterrupt__E)
                  c3751140    00000040                   : BIOS.obj (.text:ti_sysbios_family_c64p_primus_TimerSupport_enable__E)
                  c3751180    00000040     dsp_pe674.oe674 (.text:ti_sysbios_gates_GateAll_Handle__label__S)
                  c37511c0    00000040     dsp_pe674.oe674 (.text:ti_sysbios_gates_GateAll_Object__delete__S)
                  c3751200    00000040     dsp_pe674.oe674 (.text:ti_sysbios_gates_GateHwi_Handle__label__S)
                  c3751240    00000040     dsp_pe674.oe674 (.text:ti_sysbios_gates_GateHwi_Object__delete__S)
                  c3751280    00000040     dsp_pe674.oe674 (.text:ti_sysbios_gates_GateMutexPri_Handle__label__S)
                  c37512c0    00000040     sysbios.ae674 : BIOS.obj (.text:ti_sysbios_gates_GateMutexPri_Instance_init__F)
                  c3751300    00000040     dsp_pe674.oe674 (.text:ti_sysbios_gates_GateMutexPri_Object__destruct__S)
                  c3751340    00000040     dsp_pe674.oe674 (.text:ti_sysbios_gates_GateMutex_Handle__label__S)
                  c3751380    00000040     sysbios.ae674 : BIOS.obj (.text:ti_sysbios_gates_GateMutex_leave__E)
                  c37513c0    00000040     dsp_pe674.oe674 (.text:ti_sysbios_gates_GateSwi_Handle__label__S)
                  c3751400    00000040     dsp_pe674.oe674 (.text:ti_sysbios_gates_GateSwi_Object__delete__S)
                  c3751440    00000040     dsp_pe674.oe674 (.text:ti_sysbios_hal_Timer_Module__startupDone__F)
                  c3751480    00000040     dsp_pe674.oe674 (.text:ti_sysbios_heaps_HeapMem_Handle__label__S)
                  c37514c0    00000040     dsp_pe674.oe674 (.text:ti_sysbios_heaps_HeapMem_Object__delete__S)
                  c3751500    00000040     dsp_pe674.oe674 (.text:ti_sysbios_heaps_HeapMem_Object__get__S)
                  c3751540    00000040     sysbios.ae674 : BIOS.obj (.text:ti_sysbios_knl_Queue_put__E)
                  c3751580    00000040     dsp_pe674.oe674 (.text:ti_sysbios_knl_Semaphore_Object__destruct__S)
                  c37515c0    00000040     dsp_pe674.oe674 (.text:ti_sysbios_knl_Swi_Object__destruct__S)
                  c3751600    00000040     dsp_pe674.oe674 (.text:ti_sysbios_knl_Swi_Object__get__S)
                  c3751640    00000040     dsp_pe674.oe674 (.text:ti_sysbios_knl_Task_Object__get__S)
                  c3751680    00000040     dsp_pe674.oe674 (.text:ti_sysbios_timers_timer64_Timer_Module__startupDone__F)
                  c37516c0    00000040     sysbios.ae674 : BIOS.obj (.text:ti_sysbios_xdcruntime_GateThreadSupport_Instance_init__F)
                  c3751700    00000040     ti.syslink.ipc.rtos.ae674 : Syslink.oe674 (.text:ti_syslink_ipc_rtos_Syslink_detach)
                  c3751740    00000040     ti.targets.rts6000.ae674 : Error.oe674 (.text:xdc_runtime_Error_check__F)
                  c3751780    00000040                              : Error.oe674 (.text:xdc_runtime_Error_init__F)
                  c37517c0    00000040     dsp_pe674.oe674 (.text:xdc_runtime_GateNull_Handle__label__S)
                  c3751800    00000040     dsp_pe674.oe674 (.text:xdc_runtime_GateNull_Object__delete__S)
                  c3751840    00000040     dsp_pe674.oe674 (.text:xdc_runtime_LoggerBuf_Handle__label__S)
                  c3751880    00000040     ti.targets.rts6000.ae674 : LoggerBuf.oe674 (.text:xdc_runtime_LoggerBuf_Instance_finalize__F)
                  c37518c0    00000040     dsp_pe674.oe674 (.text:xdc_runtime_LoggerBuf_Object__get__S)
                  c3751900    00000040     ti.targets.rts6000.ae674 : LoggerBuf.oe674 (.text:xdc_runtime_LoggerBuf_write0__F)
                  c3751940    00000040     dsp_pe674.oe674 (.text:xdc_runtime_LoggerBuf_write8__E)
                  c3751980    00000040     ti.targets.rts6000.ae674 : Memory.oe674 (.text:xdc_runtime_Memory_free__F)
                  c37519c0    00000040                              : Registry.oe674 (.text:xdc_runtime_Registry_findById__F)
                  c3751a00    00000040                              : System.oe674 (.text:xdc_runtime_System_abort__F)
                  c3751a40    00000040     dsp_pe674.oe674 (.text:xdc_runtime_System_aprintf__E)
                  c3751a80    00000040     dsp_pe674.oe674 (.text:xdc_runtime_System_printf__E)
                  c3751ac0    00000040     ti.targets.rts6000.ae674 : Text.oe674 (.text:xdc_runtime_Text_ropeText__F)
                  c3751b00    00000040     dsp_pe674.oe674 (.text:xdc_runtime_knl_GateThread_Handle__label__S)
                  c3751b40    00000040     ti.targets.rts6000.ae674 : GateThread.oe674 (.text:xdc_runtime_knl_GateThread_Instance_finalize__F)
                  c3751b80    00000040                              : GateThread.oe674 (.text:xdc_runtime_knl_GateThread_Instance_init__F)
                  c3751bc0    00000020     ti.syslink.ipc.rtos.ae674 : ClientNotifyMgr.oe674 (.text:ClientNotifyMgr_close)
                  c3751be0    00000020                               : ClientNotifyMgr.oe674 (.text:ClientNotifyMgr_create)
                  c3751c00    00000020                               : ClientNotifyMgr.oe674 (.text:ClientNotifyMgr_deleteNameServer)
                  c3751c20    00000020                               : FrameQBufMgr_ShMem.oe674 (.text:FrameQBufMgr_ShMem_add)
                  c3751c40    00000020                               : FrameQBufMgr_ShMem.oe674 (.text:FrameQBufMgr_ShMem_close)
                  c3751c60    00000020                               : FrameQBufMgr_ShMem.oe674 (.text:FrameQBufMgr_ShMem_control)
                  c3751c80    00000020                               : FrameQBufMgr_ShMem.oe674 (.text:FrameQBufMgr_ShMem_getId)
                  c3751ca0    00000020                               : FrameQBufMgr_ShMem.oe674 (.text:FrameQBufMgr_ShMem_isCacheEnabledForFrameBuf)
                  c3751cc0    00000020                               : FrameQBufMgr_ShMem.oe674 (.text:FrameQBufMgr_ShMem_isCacheEnabledForHeaderBuf)
                  c3751ce0    00000020                               : FrameQBufMgr_ShMem.oe674 (.text:FrameQBufMgr_ShMem_remove)
                  c3751d00    00000020                               : FrameQBufMgr.oe674 (.text:FrameQBufMgr_alloc)
                  c3751d20    00000020                               : FrameQBufMgr.oe674 (.text:FrameQBufMgr_allocv)
                  c3751d40    00000020                               : FrameQBufMgr.oe674 (.text:FrameQBufMgr_close)
                  c3751d60    00000020                               : FrameQBufMgr.oe674 (.text:FrameQBufMgr_dup)
                  c3751d80    00000020                               : FrameQBufMgr.oe674 (.text:FrameQBufMgr_dupv)
                  c3751da0    00000020                               : FrameQBufMgr.oe674 (.text:FrameQBufMgr_free)
                  c3751dc0    00000020                               : FrameQBufMgr.oe674 (.text:FrameQBufMgr_freev)
                  c3751de0    00000020                               : FrameQBufMgr.oe674 (.text:FrameQBufMgr_getBaseHeaderSize)
                  c3751e00    00000020                               : FrameQBufMgr.oe674 (.text:FrameQBufMgr_getId)
                  c3751e20    00000020                               : FrameQBufMgr.oe674 (.text:FrameQBufMgr_getNumFreeFrames)
                  c3751e40    00000020                               : FrameQBufMgr.oe674 (.text:FrameQBufMgr_getvNumFreeFrames)
                  c3751e60    00000020                               : FrameQBufMgr.oe674 (.text:FrameQBufMgr_invalidateFrameBuf)
                  c3751e80    00000020                               : FrameQBufMgr.oe674 (.text:FrameQBufMgr_invalidateHeaderBuf)
                  c3751ea0    00000020                               : FrameQBufMgr.oe674 (.text:FrameQBufMgr_isCacheEnabledForFrameBuf)
                  c3751ec0    00000020                               : FrameQBufMgr.oe674 (.text:FrameQBufMgr_isCacheEnabledForHeaderBuf)
                  c3751ee0    00000020                               : FrameQBufMgr.oe674 (.text:FrameQBufMgr_registerNotifier)
                  c3751f00    00000020                               : FrameQBufMgr.oe674 (.text:FrameQBufMgr_translateAddr)
                  c3751f20    00000020                               : FrameQBufMgr.oe674 (.text:FrameQBufMgr_unregisterNotifier)
                  c3751f40    00000020                               : FrameQBufMgr.oe674 (.text:FrameQBufMgr_writeBackFrameBuf)
                  c3751f60    00000020                               : FrameQBufMgr.oe674 (.text:FrameQBufMgr_writeBackHeaderBuf)
                  c3751f80    00000020                               : FrameQ_ShMem.oe674 (.text:FrameQ_ShMem_Params_init)
                  c3751fa0    00000020                               : FrameQ_ShMem.oe674 (.text:FrameQ_ShMem_close)
                  c3751fc0    00000020                               : FrameQ_ShMem.oe674 (.text:FrameQ_ShMem_control)
                  c3751fe0    00000020     ipc.ae674 : Ipc.obj (.text:GateMP_delete)
                  c3752000    00000020               : Ipc.obj (.text:GateMP_enter)
                  c3752020    00000020               : Ipc.obj (.text:GateMP_getDefaultRemote)
                  c3752040    00000020               : Ipc.obj (.text:GateMP_getLocalProtect)
                  c3752060    00000020               : Ipc.obj (.text:GateMP_leave)
                  c3752080    00000020               : Ipc.obj (.text:HeapMemMP_free)
                  c37520a0    00000020               : Ipc.obj (.text:ListMP_Params_init)
                  c37520c0    00000020               : Ipc.obj (.text:ListMP_close)
                  c37520e0    00000020               : Ipc.obj (.text:ListMP_delete)
                  c3752100    00000020               : Ipc.obj (.text:MultiProc_getNumProcessors)
                  c3752120    00000020               : Ipc.obj (.text:MultiProc_self)
                  c3752140    00000020               : Ipc.obj (.text:NameServer_Params_init)
                  c3752160    00000020               : Ipc.obj (.text:NameServer_addUInt32)
                  c3752180    00000020               : Ipc.obj (.text:NameServer_delete)
                  c37521a0    00000020               : Ipc.obj (.text:NameServer_getUInt32)
                  c37521c0    00000020               : Ipc.obj (.text:NameServer_removeEntry)
                  c37521e0    00000020     ti.syslink.ipc.rtos.ae674 : RingIOShm.oe674 (.text:RingIOShm_getConfig)
                  c3752200    00000020                               : RingIO.oe674 (.text:RingIO_Params_init)
                  c3752220    00000020                               : RingIO.oe674 (.text:RingIO_getConfig)
                  c3752240    00000020     ipc.ae674 : Ipc.obj (.text:SharedRegion_invalidSRPtr)
                  c3752260    00000020     ti.syslink.ipc.rtos.ae674 : _Syslink.oe674 (.text:SysLink_destroy)
                  c3752280    00000020                               : TilerMemoryMgr.oe674 (.text:SyslinkMemMgr_TilerMemory_alloc)
                  c37522a0    00000020                               : TilerMemoryMgr.oe674 (.text:SyslinkMemMgr_TilerMemory_free)
                  c37522c0    00000020                               : TilerMemoryMgr.oe674 (.text:SyslinkMemMgr_TilerMemory_translate)
                  c37522e0    00000020                               : SyslinkMemMgr.oe674 (.text:SyslinkMemMgr_translate)
                  c3752300    00000020     utils.lib : uartStdio.obj (.text:UARTGetc)
                  c3752320    00000020               : uartStdio.obj (.text:UARTPutc)
                  c3752340    00000020               : uartStdio.obj (.text:UARTStdioInit)
                  c3752360    00000020     ti.syslink.ipc.rtos.ae674 : FrameQBufMgr_ShMem.oe674 (.text:_FrameQBufMgr_ShMem_getCliNotifyMgrGateShAddr)
                  c3752380    00000020                               : FrameQBufMgr_ShMem.oe674 (.text:_FrameQBufMgr_ShMem_getCliNotifyMgrShAddr)
                  c37523a0    00000020                               : FrameQBufMgr_ShMem.oe674 (.text:_FrameQBufMgr_ShMem_resetNotifyId)
                  c37523c0    00000020                               : FrameQBufMgr_ShMem.oe674 (.text:_FrameQBufMgr_ShMem_setNotifyId)
                  c37523e0    00000020                               : FrameQ_ShMem.oe674 (.text:_FrameQ_ShMem_getCliNotifyMgrGate)
                  c3752400    00000020                               : FrameQ_ShMem.oe674 (.text:_FrameQ_ShMem_getCliNotifyMgrGateShAddr)
                  c3752420    00000020                               : FrameQ_ShMem.oe674 (.text:_FrameQ_ShMem_getCliNotifyMgrHandle)
                  c3752440    00000020                               : FrameQ_ShMem.oe674 (.text:_FrameQ_ShMem_getCliNotifyMgrShAddr)
                  c3752460    00000020     rts6740_elf.lib : dtor_list.obj (.text:__cxa_atexit)
                  c3752480    00000020                     : dtor_list.obj (.text:__cxa_ia64_exit)
                  c37524a0    00000020     ti.targets.rts6000.ae674 : xdc_noinit.oe674 (.text:__xdc__init)
                  c37524c0    00000020     rts6740_elf.lib : _lock.obj (.text:_nop)
                  c37524e0    00000020                     : _lock.obj (.text:_register_lock)
                  c3752500    00000020                     : _lock.obj (.text:_register_unlock)
                  c3752520    00000020     sysbios.ae674 : c62_TaskSupport_asm.obj (.text:_ti_sysbios_family_c62_TaskSupport_glue)
                  c3752540    00000020                   : c64p_Hwi_asm_switch.obj (.text:_ti_sysbios_family_xxx_Hwi_switchToTaskStack)
                  c3752560    00000020     rts6740_elf.lib : exit.obj (.text:abort)
                  c3752580    00000020                     : dtor_list.obj (.text:atexit)
                  c37525a0    00000020     dsp_pe674.oe674 (.text:ti_sdo_ipc_GateMP_Params__init__S)
                  c37525c0    00000020     dsp_pe674.oe674 (.text:ti_sdo_ipc_GateMP_RemoteCustom1Proxy_Object__create__S)
                  c37525e0    00000020     dsp_pe674.oe674 (.text:ti_sdo_ipc_GateMP_RemoteCustom1Proxy_Object__delete__S)
                  c3752600    00000020     dsp_pe674.oe674 (.text:ti_sdo_ipc_GateMP_RemoteCustom1Proxy_Params__init__S)
                  c3752620    00000020     dsp_pe674.oe674 (.text:ti_sdo_ipc_GateMP_RemoteCustom1Proxy_Proxy__abstract__S)
                  c3752640    00000020     dsp_pe674.oe674 (.text:ti_sdo_ipc_GateMP_RemoteCustom1Proxy_Proxy__delegate__S)
                  c3752660    00000020     dsp_pe674.oe674 (.text:ti_sdo_ipc_GateMP_RemoteCustom1Proxy_getReservedMask__E)
                  c3752680    00000020     dsp_pe674.oe674 (.text:ti_sdo_ipc_GateMP_RemoteCustom1Proxy_sharedMemReq__E)
                  c37526a0    00000020     dsp_pe674.oe674 (.text:ti_sdo_ipc_GateMP_RemoteCustom2Proxy_Object__create__S)
                  c37526c0    00000020     dsp_pe674.oe674 (.text:ti_sdo_ipc_GateMP_RemoteCustom2Proxy_Object__delete__S)
                  c37526e0    00000020     dsp_pe674.oe674 (.text:ti_sdo_ipc_GateMP_RemoteCustom2Proxy_Params__init__S)
                  c3752700    00000020     dsp_pe674.oe674 (.text:ti_sdo_ipc_GateMP_RemoteCustom2Proxy_Proxy__abstract__S)
                  c3752720    00000020     dsp_pe674.oe674 (.text:ti_sdo_ipc_GateMP_RemoteCustom2Proxy_Proxy__delegate__S)
                  c3752740    00000020     dsp_pe674.oe674 (.text:ti_sdo_ipc_GateMP_RemoteCustom2Proxy_getReservedMask__E)
                  c3752760    00000020     dsp_pe674.oe674 (.text:ti_sdo_ipc_GateMP_RemoteCustom2Proxy_sharedMemReq__E)
                  c3752780    00000020     dsp_pe674.oe674 (.text:ti_sdo_ipc_GateMP_RemoteSystemProxy_Object__create__S)
                  c37527a0    00000020     dsp_pe674.oe674 (.text:ti_sdo_ipc_GateMP_RemoteSystemProxy_Object__delete__S)
                  c37527c0    00000020     dsp_pe674.oe674 (.text:ti_sdo_ipc_GateMP_RemoteSystemProxy_Params__init__S)
                  c37527e0    00000020     dsp_pe674.oe674 (.text:ti_sdo_ipc_GateMP_RemoteSystemProxy_Proxy__abstract__S)
                  c3752800    00000020     dsp_pe674.oe674 (.text:ti_sdo_ipc_GateMP_RemoteSystemProxy_Proxy__delegate__S)
                  c3752820    00000020     dsp_pe674.oe674 (.text:ti_sdo_ipc_GateMP_RemoteSystemProxy_getReservedMask__E)
                  c3752840    00000020     dsp_pe674.oe674 (.text:ti_sdo_ipc_GateMP_RemoteSystemProxy_sharedMemReq__E)
                  c3752860    00000020     dsp_pe674.oe674 (.text:ti_sdo_ipc_GateMP_attach__E)
                  c3752880    00000020     dsp_pe674.oe674 (.text:ti_sdo_ipc_GateMP_detach__E)
                  c37528a0    00000020     dsp_pe674.oe674 (.text:ti_sdo_ipc_GateMP_getRegion0ReservedSize__E)
                  c37528c0    00000020     dsp_pe674.oe674 (.text:ti_sdo_ipc_GateMP_getSharedAddr__E)
                  c37528e0    00000020     ipc.ae674 : Ipc.obj (.text:ti_sdo_ipc_GateMP_getSharedAddr__F)
                  c3752900    00000020     dsp_pe674.oe674 (.text:ti_sdo_ipc_GateMP_start__E)
                  c3752920    00000020     dsp_pe674.oe674 (.text:ti_sdo_ipc_GateMP_stop__E)
                  c3752940    00000020     dsp_pe674.oe674 (.text:ti_sdo_ipc_ListMP_Params__init__S)
                  c3752960    00000020     dsp_pe674.oe674 (.text:ti_sdo_ipc_MessageQ_Module_startup__E)
                  c3752980    00000020     dsp_pe674.oe674 (.text:ti_sdo_ipc_MessageQ_Object__get__S)
                  c37529a0    00000020     dsp_pe674.oe674 (.text:ti_sdo_ipc_MessageQ_SetupTransportProxy_attach__E)
                  c37529c0    00000020     dsp_pe674.oe674 (.text:ti_sdo_ipc_MessageQ_SetupTransportProxy_detach__E)
                  c37529e0    00000020     dsp_pe674.oe674 (.text:ti_sdo_ipc_MessageQ_SetupTransportProxy_isRegistered__E)
                  c3752a00    00000020     dsp_pe674.oe674 (.text:ti_sdo_ipc_MessageQ_SetupTransportProxy_sharedMemReq__E)
                  c3752a20    00000020     dsp_pe674.oe674 (.text:ti_sdo_ipc_MessageQ_registerTransport__E)
                  c3752a40    00000020     dsp_pe674.oe674 (.text:ti_sdo_ipc_MessageQ_unregisterTransport__E)
                  c3752a60    00000020     dsp_pe674.oe674 (.text:ti_sdo_ipc_Notify_Module_GateProxy_enter__E)
                  c3752a80    00000020     dsp_pe674.oe674 (.text:ti_sdo_ipc_Notify_Module_GateProxy_leave__E)
                  c3752aa0    00000020     dsp_pe674.oe674 (.text:ti_sdo_ipc_Notify_Module_startup__E)
                  c3752ac0    00000020     dsp_pe674.oe674 (.text:ti_sdo_ipc_Notify_SetupProxy_attach__E)
                  c3752ae0    00000020     dsp_pe674.oe674 (.text:ti_sdo_ipc_Notify_SetupProxy_numIntLines__E)
                  c3752b00    00000020     dsp_pe674.oe674 (.text:ti_sdo_ipc_Notify_SetupProxy_sharedMemReq__E)
                  c3752b20    00000020     dsp_pe674.oe674 (.text:ti_sdo_ipc_Notify_detach__E)
                  c3752b40    00000020     dsp_pe674.oe674 (.text:ti_sdo_ipc_Notify_exec__E)
                  c3752b60    00000020     dsp_pe674.oe674 (.text:ti_sdo_ipc_SharedRegion_attach__E)
                  c3752b80    00000020     dsp_pe674.oe674 (.text:ti_sdo_ipc_SharedRegion_clearReservedMemory__E)
                  c3752ba0    00000020     dsp_pe674.oe674 (.text:ti_sdo_ipc_SharedRegion_detach__E)
                  c3752bc0    00000020     dsp_pe674.oe674 (.text:ti_sdo_ipc_SharedRegion_reserveMemory__E)
                  c3752be0    00000020     dsp_pe674.oe674 (.text:ti_sdo_ipc_SharedRegion_resetInternalFields__E)
                  c3752c00    00000020     dsp_pe674.oe674 (.text:ti_sdo_ipc_SharedRegion_start__E)
                  c3752c20    00000020     dsp_pe674.oe674 (.text:ti_sdo_ipc_SharedRegion_stop__E)
                  c3752c40    00000020     ipc.ae674 : Ipc.obj (.text:ti_sdo_ipc_family_da830_InterruptDsp_intDisable__E)
                  c3752c60    00000020               : Ipc.obj (.text:ti_sdo_ipc_family_da830_InterruptDsp_intEnable__E)
                  c3752c80    00000020               : Ipc.obj (.text:ti_sdo_ipc_family_da830_InterruptDsp_intUnregister__E)
                  c3752ca0    00000020               : Ipc.obj (.text:ti_sdo_ipc_family_da830_NotifySetup_numIntLines__E)
                  c3752cc0    00000020               : Ipc.obj (.text:ti_sdo_ipc_gates_GateMPSupportNull_Instance_init__F)
                  c3752ce0    00000020     dsp_pe674.oe674 (.text:ti_sdo_ipc_gates_GateMPSupportNull_Params__init__S)
                  c3752d00    00000020     ipc.ae674 : Ipc.obj (.text:ti_sdo_ipc_gates_GateMPSupportNull_enter__E)
                  c3752d20    00000020               : Ipc.obj (.text:ti_sdo_ipc_gates_GateMPSupportNull_getReservedMask__E)
                  c3752d40    00000020               : Ipc.obj (.text:ti_sdo_ipc_gates_GateMPSupportNull_leave__E)
                  c3752d60    00000020     dsp_pe674.oe674 (.text:ti_sdo_ipc_gates_GateMPSupportNull_query__E)
                  c3752d80    00000020     ipc.ae674 : Ipc.obj (.text:ti_sdo_ipc_gates_GateMPSupportNull_query__F)
                  c3752da0    00000020               : Ipc.obj (.text:ti_sdo_ipc_gates_GateMPSupportNull_sharedMemReq__E)
                  c3752dc0    00000020     dsp_pe674.oe674 (.text:ti_sdo_ipc_gates_GatePeterson_Params__init__S)
                  c3752de0    00000020     ipc.ae674 : Ipc.obj (.text:ti_sdo_ipc_gates_GatePeterson_getReservedMask__E)
                  c3752e00    00000020     dsp_pe674.oe674 (.text:ti_sdo_ipc_gates_GatePeterson_query__E)
                  c3752e20    00000020     ipc.ae674 : Ipc.obj (.text:ti_sdo_ipc_gates_GatePeterson_query__F)
                  c3752e40    00000020     dsp_pe674.oe674 (.text:ti_sdo_ipc_heaps_HeapMemMP_Params__init__S)
                  c3752e60    00000020     dsp_pe674.oe674 (.text:ti_sdo_ipc_heaps_HeapMemMP_isBlocking__E)
                  c3752e80    00000020     ipc.ae674 : Ipc.obj (.text:ti_sdo_ipc_heaps_HeapMemMP_isBlocking__F)
                  c3752ea0    00000020     dsp_pe674.oe674 (.text:ti_sdo_ipc_notifyDrivers_NotifyDriverShm_InterruptProxy_intClear__E)
                  c3752ec0    00000020     dsp_pe674.oe674 (.text:ti_sdo_ipc_notifyDrivers_NotifyDriverShm_InterruptProxy_intDisable__E)
[...]
c3784b44   ti_sysbios_syncs_SyncSem_Module__root__V
c3784b50   ti_sysbios_timers_timer64_Timer_Module__root__V
c3784b5c   ti_sysbios_timers_timer64_Timer_Module__state__V
c3784b70   ti_sysbios_xdcruntime_GateThreadSupport_Module__root__V
c3784b7c   xdc_runtime_Defaults_Module__root__V
c3784b7e   xdc_runtime_Error_Module__root__V
c3784b80   xdc_runtime_Error_Module__state__V
c3784b84   xdc_runtime_GateNull_Module__root__V
c3784b8c   xdc_runtime_LoggerBuf_Module__root__V
c3784b94   xdc_runtime_LoggerBuf_Module__state__V
c3784b9a   xdc_runtime_Main_Module__root__V
c3784b9c   xdc_runtime_Memory_Module__state__V
c3784ba0   xdc_runtime_Registry_Module__root__V
c3784ba4   xdc_runtime_Registry_Module__state__V
c3784bac   xdc_runtime_Startup_Module__state__V
c3784bb4   xdc_runtime_SysMin_Module__state__V
c3784bc0   xdc_runtime_System_Module__state__V
c3784bcc   xdc_runtime_Text_Module__state__V
c3784bd4   xdc_runtime_knl_GateThread_Module__root__V
c3784be0   __xdc__init__addr
c3784e30   ti_sdo_utils_NameServer_Object__table__V
c3784f10   FrameQ_ShMem_fxns
c3784f80   FrameQ_ShMem_module_obj
c3784ff0   ti_sdo_ipc_SharedRegion_Module_State_0_regions__A
c3785080   ti_sysbios_knl_Swi_Module_State_0_readyQ__A
c3785100   ti_sysbios_knl_Task_Module_State_0_readyQ__A
c3785180   ti_sysbios_timers_timer64_Timer_Module_State_0_device__A
c37851e0   TSK_idle
c37851e0   ti_sysbios_knl_Task_Object__table__V
c3785230   ti_sysbios_timers_timer64_Timer_Object__table__V
c3785300   ti_sysbios_gates_GateMutex_Object__table__V
c3785340   ti_sysbios_knl_Swi_Object__table__V
c3785370   ti_sdo_ipc_Ipc_Module_State_0_procEntry__A
c3785398   xdc_runtime_LoggerBuf_Object__table__V
c37853c0   ti_sdo_ipc_MessageQ_Module_State_0_heaps__A
c37853e0   ti_sysbios_timers_timer64_Timer_Module_State_0_gctrl__A
c3785400   ti_sysbios_timers_timer64_Timer_Module_State_0_handles__A
c3785420   ti_sysbios_timers_timer64_Timer_Module_State_0_intFreqs__A
c3785440   xdc_runtime_System_Module_State_0_atexitHandlers__A
c378547c   SyslinkMemMgr_SharedMemory_fxns
c3785498   SyslinkMemMgr_TilerMemory_fxns
c37854b8   ti_sysbios_gates_GateMutexPri_Object__table__V
c37854d0   ti_sysbios_heaps_HeapMem_Object__table__V
c37854e8   ti_sdo_ipc_MessageQ_Module_State_0_transports__A
c37854f8   ti_sysbios_gates_GateAll_Object__table__V
c3785508   _cleanup_ptr
c378550c   _dtors_ptr
c3785510   __TI_enable_exit_profile_output
c3785514   Syslink_RingIO_moduleCfg
c378551c   Syslink_RingIOShm_moduleCfg
c3785520   ti_sysbios_gates_GateSwi_Object__table__V
c378552c   _lock
c3785530   _unlock
c3785538   ti_sdo_ipc_Notify_Module_State_0_notifyHandles__A
c3785540   ti_sdo_ipc_transports_TransportShmSetup_Module_State_0_handles__A
c3785548   ti_sysbios_family_c64p_primus_TimerSupport_Module_State_0_suspSrc__A
c3785550   ti_sysbios_hal_Hwi_Object__table__V
c3785558   ti_sysbios_hal_Timer_Object__table__V
c3785560   ti_sdo_ipc_GateMP_Module_State_0_remoteCustom2Gates__A
c3785568   ti_sdo_ipc_Notify_Module_State_0_notifyHandles_0__A
c3785570   ti_sdo_ipc_Notify_Module_State_0_notifyHandles_1__A
c3785578   ti_sysbios_gates_GateHwi_Object__table__V
c3785580   ti_sysbios_knl_Task_Module_State_0_idleTask__A
c3785588   xdc_runtime_GateNull_Object__table__V
c3785590   xdc_runtime_Text_charTab__A
c3788f54   ti_sdo_ipc_GateMP_E_gateUnavailable__C
c3788f58   xdc_runtime_Text_nodeTab__A
c3789490   xdc_runtime_Startup_sfxnTab__A
c37894d0   ti_sysbios_knl_Task_Object__PARAMS__C
c378950c   xdc_runtime_LoggerBuf_Module__FXNS__C
c3789548   ti_sdo_ipc_notifyDrivers_NotifyDriverShm_Module__FXNS__C
c3789580   ti_sdo_ipc_GateMP_Object__PARAMS__C
c37895b4   ti_sdo_ipc_notifyDrivers_NotifyDriverShm_Object__PARAMS__C
c37895e8   ti_sdo_ipc_heaps_HeapMemMP_Object__PARAMS__C
c3789618   ti_sysbios_family_c64p_Hwi_Object__PARAMS__C
c3789674   ti_sdo_ipc_ListMP_Object__PARAMS__C
c37896a0   ti_sdo_ipc_gates_GateMPSupportNull_Module__FXNS__C
c37896cc   ti_sdo_ipc_gates_GatePeterson_Module__FXNS__C
c37896f8   ti_sdo_utils_NameServer_Object__PARAMS__C
c3789724   ti_sysbios_hal_Hwi_Object__PARAMS__C
c3789750   ti_sdo_ipc_heaps_HeapMemMP_Module__FXNS__C
c3789778   ti_sdo_ipc_nsremote_NameServerRemoteNotify_Module__FXNS__C
c37897a0   ti_sdo_ipc_transports_TransportShm_Module__FXNS__C
c37897c8   ti_sdo_ipc_transports_TransportShm_Object__PARAMS__C
c37897f0   ti_sysbios_heaps_HeapMem_Module__FXNS__C
c3789818   ti_sysbios_knl_Swi_Object__PARAMS__C
c3789840   xdc_runtime_LoggerBuf_Object__PARAMS__C
c3789868   ti_sdo_ipc_gates_GateMPSupportNull_Object__PARAMS__C
c378988c   ti_sdo_ipc_gates_GatePeterson_Object__PARAMS__C
c37898b0   ti_sysbios_gates_GateAll_Module__FXNS__C
c37898d4   ti_sysbios_gates_GateHwi_Module__FXNS__C
c37898f8   ti_sysbios_gates_GateMutexPri_Module__FXNS__C
c378991c   ti_sysbios_gates_GateMutex_Module__FXNS__C
c3789940   ti_sysbios_gates_GateSwi_Module__FXNS__C
c3789964   ti_sysbios_heaps_HeapMem_Object__PARAMS__C
c3789988   ti_sysbios_knl_Semaphore_Object__PARAMS__C
c37899ac   xdc_runtime_GateNull_Module__FXNS__C
c37899d0   xdc_runtime_knl_GateThread_Module__FXNS__C
c37899f4   ti_sdo_ipc_GateMP_Object__DESC__C
c3789a14   ti_sdo_ipc_ListMP_Object__DESC__C
c3789a34   ti_sdo_ipc_Notify_Object__DESC__C
c3789a54   ti_sdo_ipc_gates_GateMPSupportNull_Object__DESC__C
c3789a74   ti_sdo_ipc_gates_GatePeterson_Object__DESC__C
c3789a94   ti_sdo_ipc_heaps_HeapMemMP_Object__DESC__C
c3789ab4   ti_sdo_ipc_notifyDrivers_NotifyDriverShm_Object__DESC__C
c3789ad4   ti_sdo_ipc_nsremote_NameServerRemoteNotify_Object__DESC__C
c3789af4   ti_sdo_ipc_nsremote_NameServerRemoteNotify_Object__PARAMS__C
c3789b14   ti_sdo_ipc_transports_TransportShm_Object__DESC__C
c3789b34   ti_sdo_utils_List_Object__DESC__C
c3789b54   ti_sdo_utils_NameServer_Object__DESC__C
c3789b74   ti_sysbios_family_c64p_Hwi_Object__DESC__C
c3789b94   ti_sysbios_gates_GateAll_Object__DESC__C
c3789bb4   ti_sysbios_gates_GateHwi_Object__DESC__C
c3789bd4   ti_sysbios_gates_GateMutexPri_Object__DESC__C
c3789bf4   ti_sysbios_gates_GateMutex_Object__DESC__C
c3789c14   ti_sysbios_gates_GateSwi_Object__DESC__C
c3789c34   ti_sysbios_hal_Hwi_Object__DESC__C
c3789c54   ti_sysbios_heaps_HeapMem_Object__DESC__C
c3789c74   ti_sysbios_knl_Queue_Object__DESC__C
c3789c94   ti_sysbios_knl_Semaphore_Object__DESC__C
c3789cb4   ti_sysbios_knl_Swi_Object__DESC__C
c3789cd4   ti_sysbios_knl_Task_Object__DESC__C
c3789cf4   ti_sysbios_xdcruntime_GateThreadSupport_Object__DESC__C
c3789d14   xdc_runtime_GateNull_Object__DESC__C
c3789d34   xdc_runtime_LoggerBuf_Object__DESC__C
c3789d54   ti_sdo_ipc_GateMP_E_localGate__C
c3789d58   xdc_runtime_Startup_sfxnRts__A
c3789d78   xdc_runtime_knl_GateThread_Object__DESC__C
c3789dcc   ti_sdo_ipc_Ipc_E_internal__C
c3789e18   ti_sdo_ipc_Notify_Object__PARAMS__C
c3789e30   ti_sdo_utils_List_Object__PARAMS__C
c3789e48   ti_sysbios_gates_GateAll_Object__PARAMS__C
c3789e60   ti_sysbios_gates_GateHwi_Object__PARAMS__C
c3789e78   ti_sysbios_gates_GateMutexPri_Object__PARAMS__C
c3789e90   ti_sysbios_gates_GateMutex_Object__PARAMS__C
c3789ea8   ti_sysbios_gates_GateSwi_Object__PARAMS__C
c3789ec0   ti_sysbios_knl_Queue_Object__PARAMS__C
c3789ed8   ti_sysbios_knl_Task_hooks__A
c3789ef0   ti_sysbios_xdcruntime_GateThreadSupport_Object__PARAMS__C
c3789f08   xdc_runtime_GateNull_Object__PARAMS__C
c3789f20   xdc_runtime_knl_GateThread_Object__PARAMS__C
c3789f4e   ti_sdo_ipc_GateMP_Module__id__C
c3789f64   ti_sdo_ipc_Ipc_E_nameFailed__C
c3789f7c   ti_sdo_ipc_Ipc_E_versionMismatch__C
c3789f94   ti_sdo_ipc_Ipc_numUserFxns__C
c3789fac   ti_sdo_ipc_Ipc_procSync__C
c3789fc2   ti_sdo_ipc_Ipc_generateSlaveDataForHost__C
c3789fc4   ti_sdo_ipc_Ipc_userFxns__C
c3789ff2   ti_sdo_ipc_Ipc_sr0MemorySetup__C
c3789ff4   ti_sdo_ipc_MessageQ_Instance_State_highList__O
c378a00a   ti_sdo_ipc_ListMP_Module__id__C
c378a00c   ti_sdo_ipc_MessageQ_Instance_State_normalList__O
c378a04e   ti_sdo_ipc_Notify_numLines__C
c378a06a   ti_sdo_ipc_SharedRegion_numEntries__C
c378a06c   ti_sdo_ipc_MessageQ_Object__count__C
c378a07c   ti_sdo_ipc_Notify_Module__gateObj__C
c378a080   ti_sdo_ipc_Ipc_userFxns__A
c378a08c   ti_sysbios_family_c64p_Cache_initSize__C
c378a0a0   ti_sdo_utils_MultiProc_nameList__A
c378a0a8   ti_sysbios_knl_Idle_coreList__C
c378a0b0   ti_sysbios_knl_Idle_funcList__C
c378a0b8   ti_sysbios_knl_Task_hooks__C
c378a0c0   xdc_runtime_Startup_firstFxns__A
c378a0c8   xdc_runtime_Startup_firstFxns__C
c378a0d0   xdc_runtime_Startup_lastFxns__C
c378a0d8   ti_sdo_ipc_Notify_Object__heap__C
c378a0dc   ti_sdo_ipc_Notify_numEvents__C
c378a0e0   ti_sdo_ipc_Notify_sendEventPollCount__C
c378a0e4   ti_sdo_ipc_SharedRegion_INVALIDSRPTR__C
c378a0e8   ti_sdo_ipc_SharedRegion_numOffsetBits__C
c378a0ec   ti_sdo_ipc_SharedRegion_offsetMask__C
c378a0f0   ti_sdo_ipc_family_da830_NotifySetup_armRecvIntId0__C
c378a0f4   ti_sdo_ipc_family_da830_NotifySetup_armRecvIntId1__C
c378a0f8   ti_sdo_ipc_family_da830_NotifySetup_dspIntVectId0__C
c378a0fc   ti_sdo_ipc_family_da830_NotifySetup_dspIntVectId1__C
c378a100   ti_sdo_ipc_family_da830_NotifySetup_dspRecvIntId0__C
c378a104   ti_sdo_ipc_family_da830_NotifySetup_dspRecvIntId1__C
c378a108   ti_sdo_ipc_gates_GatePeterson_E_gateRemotelyOpened__C
c378a10c   ti_sdo_ipc_heaps_HeapMemMP_E_memory__C
c378a110   ti_sdo_ipc_interfaces_IGateMPSupport_Interface__BASE__C
c378a114   ti_sdo_ipc_interfaces_IMessageQTransport_Interface__BASE__C
c378a118   ti_sdo_ipc_interfaces_INotifyDriver_Interface__BASE__C
c378a11c   ti_sdo_ipc_notifyDrivers_NotifyDriverShm_Object__heap__C
c378a120   ti_sdo_ipc_nsremote_NameServerRemoteNotify_Instance_State_semMultiBlock__O
c378a124   ti_sdo_ipc_nsremote_NameServerRemoteNotify_Instance_State_semRemoteWait__O
c378a128   ti_sdo_ipc_nsremote_NameServerRemoteNotify_Instance_State_swiObj__O
c378a12c   ti_sdo_ipc_nsremote_NameServerRemoteNotify_notifyEventId__C
c378a130   ti_sdo_ipc_nsremote_NameServerRemoteNotify_timeout__C
c378a134   ti_sdo_ipc_transports_TransportShmSetup_priority__C
c378a138   ti_sdo_ipc_transports_TransportShm_Instance_State_swiObj__O
c378a13c   ti_sdo_utils_INameServerRemote_Interface__BASE__C
c378a140   ti_sdo_utils_MultiProc_nameList__C
c378a144   ti_sdo_utils_NameServer_E_entryExists__C
c378a148   ti_sdo_utils_NameServer_E_maxReached__C
c378a14c   ti_sdo_utils_NameServer_Instance_State_freeList__O
c378a150   ti_sdo_utils_NameServer_Instance_State_nameList__O
c378a154   ti_sdo_utils_NameServer_Object__count__C
c378a158   ti_sdo_utils_NameServer_Object__heap__C
c378a15c   ti_sysbios_BIOS_installedErrorHook__C
c378a160   ti_sysbios_family_c62_TaskSupport_stackAlignment__C
c378a164   ti_sysbios_family_c64p_Cache_EMIFA_BASE__C
c378a168   ti_sysbios_family_c64p_Cache_EMIFA_CFG__C
c378a16c   ti_sysbios_family_c64p_Cache_EMIFA_LENGTH__C
c378a170   ti_sysbios_family_c64p_Cache_EMIFB_BASE__C
c378a174   ti_sysbios_family_c64p_Cache_EMIFB_CFG__C
c378a178   ti_sysbios_family_c64p_Cache_EMIFB_LENGTH__C
c378a17c   ti_sysbios_family_c64p_Cache_EMIFC_BASE__C
c378a180   ti_sysbios_family_c64p_Cache_EMIFC_CFG__C
c378a184   ti_sysbios_family_c64p_Cache_EMIFC_LENGTH__C
c378a188   ti_sysbios_family_c64p_Cache_MAR0_31__C
c378a18c   ti_sysbios_family_c64p_Cache_MAR128_159__C
c378a190   ti_sysbios_family_c64p_Cache_MAR160_191__C
c378a194   ti_sysbios_family_c64p_Cache_MAR192_223__C
c378a198   ti_sysbios_family_c64p_Cache_MAR224_255__C
c378a19c   ti_sysbios_family_c64p_Cache_MAR32_63__C
c378a1a0   ti_sysbios_family_c64p_Cache_MAR64_95__C
c378a1a4   ti_sysbios_family_c64p_Cache_MAR96_127__C
c378a1a8   ti_sysbios_family_c64p_Exception_E_exceptionMax__C
c378a1ac   ti_sysbios_family_c64p_Exception_E_exceptionMin__C
c378a1b0   ti_sysbios_family_c64p_Exception_exceptionHook__C
c378a1b4   ti_sysbios_family_c64p_Exception_externalHook__C
c378a1b8   ti_sysbios_family_c64p_Exception_internalHook__C
c378a1bc   ti_sysbios_family_c64p_Exception_nmiHook__C
c378a1c0   ti_sysbios_family_c64p_Hwi_E_alreadyDefined__C
c378a1c4   ti_sysbios_family_c64p_Hwi_E_handleNotFound__C
c378a1c8   ti_sysbios_gates_GateMutexPri_Instance_State_pendQ__O
c378a1cc   ti_sysbios_gates_GateMutex_Instance_State_sem__O
c378a1d0   ti_sysbios_hal_Hwi_E_stackOverflow__C
c378a1d4   ti_sysbios_heaps_HeapMem_E_memory__C
c378a1d8   ti_sysbios_heaps_HeapMem_Module__gateObj__C
c378a1dc   ti_sysbios_heaps_HeapMem_Object__count__C
c378a1e0   ti_sysbios_heaps_HeapMem_reqAlign__C
c378a1e4   ti_sysbios_knl_Clock_Module_State_clockQ__O
c378a1e8   ti_sysbios_knl_Clock_tickMode__C
c378a1ec   ti_sysbios_knl_Clock_tickSource__C
c378a1f0   ti_sysbios_knl_Idle_coreList__A
c378a1f4   ti_sysbios_knl_Semaphore_Instance_State_pendQ__O
c378a1f8   ti_sysbios_knl_Idle_funcList__A
c378a1fc   ti_sysbios_knl_Swi_Object__count__C
c378a200   ti_sysbios_knl_Swi_numPriorities__C
c378a204   ti_sysbios_knl_Task_E_deleteNotAllowed__C
c378a208   ti_sysbios_knl_Task_E_spOutOfBounds__C
c378a20c   ti_sysbios_knl_Task_E_stackOverflow__C
c378a210   ti_sysbios_knl_Task_Module_State_inactiveQ__O
c378a214   ti_sysbios_knl_Task_Module_State_terminatedQ__O
c378a218   ti_sysbios_knl_Task_Object__count__C
c378a21c   ti_sysbios_knl_Task_Object__heap__C
c378a220   ti_sysbios_knl_Task_allBlockedFunc__C
c378a224   ti_sysbios_knl_Task_defaultStackHeap__C
c378a228   ti_sysbios_knl_Task_defaultStackSize__C
c378a22c   ti_sysbios_knl_Task_numConstructedTasks__C
c378a230   ti_sysbios_timers_timer64_Timer_E_cannotSupport__C
c378a234   ti_sysbios_timers_timer64_Timer_anyMask__C
c378a238   ti_sysbios_timers_timer64_Timer_freqDivisor__C
c378a23c   ti_sysbios_timers_timer64_Timer_numLocalTimers__C
c378a240   ti_sysbios_timers_timer64_Timer_numTimerDevices__C
c378a244   ti_sysbios_xdcruntime_GateThreadSupport_Instance_State_gate__O
c378a248   xdc_runtime_Assert_E_assertFailed__C
c378a24c   xdc_runtime_Core_A_initializedParams__C
c378a250   xdc_runtime_Core_Module__diagsEnabled__C
c378a254   xdc_runtime_Core_Module__diagsIncluded__C
c378a258   xdc_runtime_Core_Module__diagsMask__C
c378a25c   xdc_runtime_Error_E_memory__C
c378a260   xdc_runtime_Error_Module__diagsEnabled__C
c378a264   xdc_runtime_Error_Module__diagsIncluded__C
c378a268   xdc_runtime_Error_Module__diagsMask__C
c378a26c   xdc_runtime_Error_Module__loggerFxn8__C
c378a270   xdc_runtime_Error_Module__loggerObj__C
c378a274   xdc_runtime_Error_policy__C
c378a278   xdc_runtime_Error_raiseHook__C
c378a27c   xdc_runtime_IFilterLogger_Interface__BASE__C
c378a280   xdc_runtime_IGateProvider_Interface__BASE__C
c378a284   xdc_runtime_IHeap_Interface__BASE__C
c378a288   xdc_runtime_ILogger_Interface__BASE__C
c378a28c   xdc_runtime_IModule_Interface__BASE__C
c378a290   xdc_runtime_Log_L_error__C
c378a294   xdc_runtime_LoggerBuf_E_badLevel__C
c378a298   xdc_runtime_LoggerBuf_Module__gateObj__C
c378a29c   xdc_runtime_LoggerBuf_Object__count__C
c378a2a0   xdc_runtime_LoggerBuf_statusLogger__C
c378a2a4   xdc_runtime_Memory_defaultHeapInstance__C
c378a2a8   xdc_runtime_Registry_Module__diagsEnabled__C
c378a2ac   xdc_runtime_Registry_Module__diagsIncluded__C
c378a2b0   xdc_runtime_Registry_Module__diagsMask__C
c378a2b4   xdc_runtime_Registry_Module__loggerFxn1__C
c378a2b8   xdc_runtime_Registry_Module__loggerFxn4__C
c378a2bc   xdc_runtime_Registry_Module__loggerFxn8__C
c378a2c0   xdc_runtime_Registry_Module__loggerObj__C
c378a2c4   xdc_runtime_Startup_execImpl__C
c378a2c8   xdc_runtime_Startup_lastFxns__A
c378a2cc   xdc_runtime_Startup_maxPasses__C
c378a2d0   xdc_runtime_Startup_sfxnRts__C
c378a2d4   xdc_runtime_Startup_sfxnTab__C
c378a2d8   xdc_runtime_SysMin_bufSize__C
c378a2dc   xdc_runtime_SysMin_outputFunc__C
c378a2e0   xdc_runtime_System_Module__gateObj__C
c378a2e4   xdc_runtime_System_extendFxn__C
c378a2e8   xdc_runtime_System_maxAtexitHandlers__C
c378a2ec   xdc_runtime_Text_charTab__C
c378a2f0   xdc_runtime_Text_nameEmpty__C
c378a2f4   xdc_runtime_Text_nameStatic__C
c378a2f8   xdc_runtime_Text_nameUnknown__C
c378a2fc   xdc_runtime_Text_nodeTab__C
c378a300   xdc_runtime_Text_visitRopeFxn__C
c378a304   ti_sdo_ipc_SharedRegion_translate__C
c378a306   ti_sdo_ipc_family_da830_NotifySetup_useSecondLine__C
c378a308   ti_sdo_ipc_gates_GatePeterson_Module__id__C
c378a30a   ti_sdo_ipc_heaps_HeapMemMP_Module__id__C
c378a30c   ti_sdo_ipc_nsremote_NameServerRemoteNotify_Module__id__C
c378a30e   ti_sdo_ipc_transports_TransportShm_Module__id__C
c378a310   ti_sdo_ipc_transports_TransportShm_notifyEventId__C
c378a312   ti_sdo_utils_MultiProc_numProcessors__C
c378a314   ti_sdo_utils_MultiProc_numProcsInCluster__C
c378a316   ti_sdo_utils_NameServer_Module__id__C
c378a318   ti_sdo_utils_NameServer_singleProcessor__C
c378a31a   ti_sysbios_family_c64p_Exception_Module__id__C
c378a31c   ti_sysbios_family_c64p_Exception_enableExternalMPC__C
c378a31e   ti_sysbios_family_c64p_Exception_enablePrint__C
c378a320   ti_sysbios_family_c64p_Exception_useInternalBuffer__C
c378a322   ti_sysbios_family_c64p_Hwi_Module__id__C
c378a324   ti_sysbios_hal_Hwi_Module__id__C
c378a326   ti_sysbios_heaps_HeapMem_Module__id__C
c378a328   ti_sysbios_knl_Task_Module__id__C
c378a32a   ti_sysbios_knl_Task_deleteTerminatedTasks__C
c378a32c   ti_sysbios_knl_Task_initStackFlag__C
c378a32e   ti_sysbios_timers_timer64_Timer_Module__id__C
c378a330   ti_sysbios_timers_timer64_Timer_startupNeeded__C
c378a332   xdc_runtime_Core_Module__id__C
c378a334   xdc_runtime_Error_Module__loggerDefined__C
c378a336   xdc_runtime_Error_maxDepth__C
c378a338   xdc_runtime_LoggerBuf_Module__id__C
c378a33a   xdc_runtime_LoggerBuf_filterByLevel__C
c378a33c   xdc_runtime_Memory_Module__id__C
c378a33e   xdc_runtime_Registry_Module__loggerDefined__C
c378a340   xdc_runtime_SysMin_flushAtExit__C
c378a342   xdc_runtime_Text_charCnt__C
c378a344   xdc_runtime_Text_isLoaded__C
c378a346   xdc_runtime_Text_registryModsLastId__C
c378a348   xdc_runtime_Text_unnamedModsLastId__C
c378a350   _stack
c378b350   __TI_STACK_END
c378b400   ti_sysbios_family_c64p_Hwi0
c378b400   ti_sysbios_family_c64p_Hwi_int0
c378b420   ti_sysbios_family_c64p_Hwi_int1
c378b440   ti_sysbios_family_c64p_Hwi_int2
c378b460   ti_sysbios_family_c64p_Hwi_int3
c378b480   ti_sysbios_family_c64p_Hwi_int4
c378b4a0   ti_sysbios_family_c64p_Hwi_int5
c378b4c0   ti_sysbios_family_c64p_Hwi_int6
c378b4e0   ti_sysbios_family_c64p_Hwi_int7
c378b500   ti_sysbios_family_c64p_Hwi_int8
c378b520   ti_sysbios_family_c64p_Hwi_int9
c378b540   ti_sysbios_family_c64p_Hwi_int10
c378b560   ti_sysbios_family_c64p_Hwi_int11
c378b580   ti_sysbios_family_c64p_Hwi_int12
c378b5a0   ti_sysbios_family_c64p_Hwi_int13
c378b5c0   ti_sysbios_family_c64p_Hwi_int14
c378b5e0   ti_sysbios_family_c64p_Hwi_int15
c378b600   __CIOBUF_
c378b720   __c_args__
c378b784   __TI_STATIC_BASE
c378b784   gFrameQ_nsHandle
c378b788   gFrameQBufMgr_nsHandle
c378b78c   Syslink_terminateEventId
c378b790   Syslink_terminateEventLineId
c378b794   CLIENTNOTIFYMGR_NAMESERVERNAME
c378b7a8   FrameQ_ShMem_module
c378b800   _Ipc_ResetVector
c378b808   Ipc_sr0MemorySetup
ffffffff   __TI_pprof_out_hndl
ffffffff   __TI_prof_data_size
ffffffff   __TI_prof_data_start
ffffffff   __binit__
ffffffff   binit
UNDEFED    __TI_CINIT_Base
UNDEFED    __TI_CINIT_Limit
UNDEFED    __TI_Handler_Table_Base
UNDEFED    __TI_Handler_Table_Limit
UNDEFED    __TI_INITARRAY_Base
UNDEFED    __TI_INITARRAY_Limit

[1452 symbols]


DYNAMIC SYMBOLS: SORTED ALPHABETICALLY BY Name 

address    name
--------   ----
UNDEFED    
c37851e0   TSK_idle
c378b800   _Ipc_ResetVector
c378b350   __TI_STACK_END
00001000   __TI_STACK_SIZE
c378b784   __TI_STATIC_BASE
ffffffff   __TI_pprof_out_hndl
ffffffff   __TI_prof_data_size
ffffffff   __TI_prof_data_start
ffffffff   __binit__
c378b720   __c_args__
00000064   _argsize
ffffffff   binit
00000001   xdc_runtime_Startup__EXECFXN__C
00000001   xdc_runtime_Startup__RESETFXN__C

[15 symbols]


IMPORTED and EXPORTED SYMBOLS: SORTED ALPHABETICALLY BY Name 

IMPORTED SYMBOLS

name                           size      Imported from
-----------------------------  --------  -------------

[0 symbols]


EXPORTED SYMBOLS

address    name
--------   ----
c378b800   _Ipc_ResetVector
